Component: Arm Compiler for Embedded 6.19 Tool: armlink [5e73cb00]

==============================================================================

Section Cross References

    startup_stm32f103xb.o(STACK) refers (Special) to heapauxi.o(.text) for __use_two_region_memory
    startup_stm32f103xb.o(HEAP) refers (Special) to heapauxi.o(.text) for __use_two_region_memory
    startup_stm32f103xb.o(RESET) refers (Special) to heapauxi.o(.text) for __use_two_region_memory
    startup_stm32f103xb.o(RESET) refers to startup_stm32f103xb.o(STACK) for __initial_sp
    startup_stm32f103xb.o(RESET) refers to startup_stm32f103xb.o(.text) for Reset_Handler
    startup_stm32f103xb.o(RESET) refers to stm32f1xx_it.o(.text.NMI_Handler) for NMI_Handler
    startup_stm32f103xb.o(RESET) refers to stm32f1xx_it.o(.text.HardFault_Handler) for HardFault_Handler
    startup_stm32f103xb.o(RESET) refers to stm32f1xx_it.o(.text.MemManage_Handler) for MemManage_Handler
    startup_stm32f103xb.o(RESET) refers to stm32f1xx_it.o(.text.BusFault_Handler) for BusFault_Handler
    startup_stm32f103xb.o(RESET) refers to stm32f1xx_it.o(.text.UsageFault_Handler) for UsageFault_Handler
    startup_stm32f103xb.o(RESET) refers to stm32f1xx_it.o(.text.SVC_Handler) for SVC_Handler
    startup_stm32f103xb.o(RESET) refers to stm32f1xx_it.o(.text.DebugMon_Handler) for DebugMon_Handler
    startup_stm32f103xb.o(RESET) refers to stm32f1xx_it.o(.text.PendSV_Handler) for PendSV_Handler
    startup_stm32f103xb.o(RESET) refers to stm32f1xx_it.o(.text.SysTick_Handler) for SysTick_Handler
    startup_stm32f103xb.o(RESET) refers to stm32f1xx_it.o(.text.DMA1_Channel1_IRQHandler) for DMA1_Channel1_IRQHandler
    startup_stm32f103xb.o(RESET) refers to stm32f1xx_it.o(.text.DMA1_Channel3_IRQHandler) for DMA1_Channel3_IRQHandler
    startup_stm32f103xb.o(RESET) refers to stm32f1xx_it.o(.text.DMA1_Channel7_IRQHandler) for DMA1_Channel7_IRQHandler
    startup_stm32f103xb.o(RESET) refers to stm32f1xx_it.o(.text.TIM3_IRQHandler) for TIM3_IRQHandler
    startup_stm32f103xb.o(RESET) refers to stm32f1xx_it.o(.text.SPI1_IRQHandler) for SPI1_IRQHandler
    startup_stm32f103xb.o(RESET) refers to stm32f1xx_it.o(.text.USART1_IRQHandler) for USART1_IRQHandler
    startup_stm32f103xb.o(.text) refers (Special) to heapauxi.o(.text) for __use_two_region_memory
    startup_stm32f103xb.o(.text) refers to system_stm32f1xx.o(.text.SystemInit) for SystemInit
    startup_stm32f103xb.o(.text) refers to __main.o(!!!main) for __main
    startup_stm32f103xb.o(.text) refers to startup_stm32f103xb.o(HEAP) for Heap_Mem
    startup_stm32f103xb.o(.text) refers to startup_stm32f103xb.o(STACK) for Stack_Mem
    main.o(.text) refers (Special) to _printf_percent.o(.ARM.Collect$$_printf_percent$$00000000) for _printf_percent
    main.o(.text) refers (Special) to _printf_f.o(.ARM.Collect$$_printf_percent$$00000003) for _printf_f
    main.o(.text) refers (Special) to printf1.o(x$fpl$printf1) for _printf_fp_dec
    main.o(.text.led_blinky) refers (Special) to _printf_percent.o(.ARM.Collect$$_printf_percent$$00000000) for _printf_percent
    main.o(.text.led_blinky) refers (Special) to _printf_f.o(.ARM.Collect$$_printf_percent$$00000003) for _printf_f
    main.o(.text.led_blinky) refers (Special) to printf1.o(x$fpl$printf1) for _printf_fp_dec
    main.o(.text.led_blinky) refers to stm32f1xx_hal_gpio.o(.text.HAL_GPIO_TogglePin) for HAL_GPIO_TogglePin
    main.o(.text.led_blinky) refers to stm32f1xx_hal.o(.text.HAL_Delay) for HAL_Delay
    main.o(.ARM.exidx.text.led_blinky) refers (Special) to _printf_percent.o(.ARM.Collect$$_printf_percent$$00000000) for _printf_percent
    main.o(.ARM.exidx.text.led_blinky) refers (Special) to _printf_f.o(.ARM.Collect$$_printf_percent$$00000003) for _printf_f
    main.o(.ARM.exidx.text.led_blinky) refers (Special) to printf1.o(x$fpl$printf1) for _printf_fp_dec
    main.o(.ARM.exidx.text.led_blinky) refers to main.o(.text.led_blinky) for [Anonymous Symbol]
    main.o(.text.main) refers (Special) to _printf_percent.o(.ARM.Collect$$_printf_percent$$00000000) for _printf_percent
    main.o(.text.main) refers (Special) to _printf_f.o(.ARM.Collect$$_printf_percent$$00000003) for _printf_f
    main.o(.text.main) refers (Special) to printf1.o(x$fpl$printf1) for _printf_fp_dec
    main.o(.text.main) refers to stm32f1xx_hal.o(.text.HAL_Init) for HAL_Init
    main.o(.text.main) refers to stm32f1xx_hal_rcc.o(.text.HAL_RCC_OscConfig) for HAL_RCC_OscConfig
    main.o(.text.main) refers to stm32f1xx_hal_rcc.o(.text.HAL_RCC_ClockConfig) for HAL_RCC_ClockConfig
    main.o(.text.main) refers to stm32f1xx_hal_rcc_ex.o(.text.HAL_RCCEx_PeriphCLKConfig) for HAL_RCCEx_PeriphCLKConfig
    main.o(.text.main) refers to gpio.o(.text.MX_GPIO_Init) for MX_GPIO_Init
    main.o(.text.main) refers to dma.o(.text.MX_DMA_Init) for MX_DMA_Init
    main.o(.text.main) refers to tim.o(.text.MX_TIM3_Init) for MX_TIM3_Init
    main.o(.text.main) refers to spi.o(.text.MX_SPI1_Init) for MX_SPI1_Init
[...]
    ../clib/signal.c                         0x00000000   Number         0  defsig_segv_inner.o ABSOLUTE
    ../clib/signal.c                         0x00000000   Number         0  defsig_other.o ABSOLUTE
    ../clib/signal.s                         0x00000000   Number         0  defsig.o ABSOLUTE
    ../clib/stdlib.c                         0x00000000   Number         0  exit.o ABSOLUTE
    ../clib/string.c                         0x00000000   Number         0  strlen.o ABSOLUTE
    ../fplib/dretinf.s                       0x00000000   Number         0  dretinf.o ABSOLUTE
    ../fplib/f2d.s                           0x00000000   Number         0  f2d.o ABSOLUTE
    ../fplib/fdiv.s                          0x00000000   Number         0  fdiv.o ABSOLUTE
    ../fplib/fflt.s                          0x00000000   Number         0  fflt_clz.o ABSOLUTE
    ../fplib/fmul.s                          0x00000000   Number         0  fmul.o ABSOLUTE
    ../fplib/fnaninf.s                       0x00000000   Number         0  fnaninf.o ABSOLUTE
    ../fplib/fpinit.s                        0x00000000   Number         0  fpinit.o ABSOLUTE
    ../fplib/fpinit_empty.s                  0x00000000   Number         0  fpinit_empty.o ABSOLUTE
    ../fplib/fretinf.s                       0x00000000   Number         0  fretinf.o ABSOLUTE
    ../fplib/istatus.s                       0x00000000   Number         0  istatus.o ABSOLUTE
    ../fplib/printf1.s                       0x00000000   Number         0  printf1.o ABSOLUTE
    ../fplib/usenofp.s                       0x00000000   Number         0  usenofp.o ABSOLUTE
    ../mathlib/fpclassify.c                  0x00000000   Number         0  fpclassify.o ABSOLUTE
    adc.c                                    0x00000000   Number         0  adc.o ABSOLUTE
    dc.s                                     0x00000000   Number         0  dc.o ABSOLUTE
    dht11.c                                  0x00000000   Number         0  dht11.o ABSOLUTE
    dma.c                                    0x00000000   Number         0  dma.o ABSOLUTE
    gpio.c                                   0x00000000   Number         0  gpio.o ABSOLUTE
    i2c.c                                    0x00000000   Number         0  i2c.o ABSOLUTE
    main.c                                   0x00000000   Number         0  main.o ABSOLUTE
    mq135.c                                  0x00000000   Number         0  mq135.o ABSOLUTE
    spi.c                                    0x00000000   Number         0  spi.o ABSOLUTE
    startup_stm32f103xb.s                    0x00000000   Number         0  startup_stm32f103xb.o ABSOLUTE
    stm32f1xx_hal.c                          0x00000000   Number         0  stm32f1xx_hal.o ABSOLUTE
    stm32f1xx_hal_adc.c                      0x00000000   Number         0  stm32f1xx_hal_adc.o ABSOLUTE
    stm32f1xx_hal_adc_ex.c                   0x00000000   Number         0  stm32f1xx_hal_adc_ex.o ABSOLUTE
    stm32f1xx_hal_cortex.c                   0x00000000   Number         0  stm32f1xx_hal_cortex.o ABSOLUTE
    stm32f1xx_hal_dma.c                      0x00000000   Number         0  stm32f1xx_hal_dma.o ABSOLUTE
    stm32f1xx_hal_exti.c                     0x00000000   Number         0  stm32f1xx_hal_exti.o ABSOLUTE
    stm32f1xx_hal_flash.c                    0x00000000   Number         0  stm32f1xx_hal_flash.o ABSOLUTE
    stm32f1xx_hal_flash_ex.c                 0x00000000   Number         0  stm32f1xx_hal_flash_ex.o ABSOLUTE
    stm32f1xx_hal_gpio.c                     0x00000000   Number         0  stm32f1xx_hal_gpio.o ABSOLUTE
    stm32f1xx_hal_gpio_ex.c                  0x00000000   Number         0  stm32f1xx_hal_gpio_ex.o ABSOLUTE
    stm32f1xx_hal_i2c.c                      0x00000000   Number         0  stm32f1xx_hal_i2c.o ABSOLUTE
    stm32f1xx_hal_msp.c                      0x00000000   Number         0  stm32f1xx_hal_msp.o ABSOLUTE
    stm32f1xx_hal_pwr.c                      0x00000000   Number         0  stm32f1xx_hal_pwr.o ABSOLUTE
    stm32f1xx_hal_rcc.c                      0x00000000   Number         0  stm32f1xx_hal_rcc.o ABSOLUTE
    stm32f1xx_hal_rcc_ex.c                   0x00000000   Number         0  stm32f1xx_hal_rcc_ex.o ABSOLUTE
    stm32f1xx_hal_spi.c                      0x00000000   Number         0  stm32f1xx_hal_spi.o ABSOLUTE
    stm32f1xx_hal_tim.c                      0x00000000   Number         0  stm32f1xx_hal_tim.o ABSOLUTE
    stm32f1xx_hal_tim_ex.c                   0x00000000   Number         0  stm32f1xx_hal_tim_ex.o ABSOLUTE
    stm32f1xx_hal_uart.c                     0x00000000   Number         0  stm32f1xx_hal_uart.o ABSOLUTE
    stm32f1xx_it.c                           0x00000000   Number         0  stm32f1xx_it.o ABSOLUTE
    system_stm32f1xx.c                       0x00000000   Number         0  system_stm32f1xx.o ABSOLUTE
    tim.c                                    0x00000000   Number         0  tim.o ABSOLUTE
    usart.c                                  0x00000000   Number         0  usart.o ABSOLUTE
    RESET                                    0x08000000   Section      236  startup_stm32f103xb.o(RESET)
    !!!main                                  0x080000ec   Section        8  __main.o(!!!main)
    !!!scatter                               0x080000f4   Section       52  __scatter.o(!!!scatter)
    !!handler_copy                           0x08000128   Section       26  __scatter_copy.o(!!handler_copy)
    !!handler_zi                             0x08000144   Section       28  __scatter_zi.o(!!handler_zi)
    .ARM.Collect$$_printf_percent$$00000000  0x08000160   Section        0  _printf_percent.o(.ARM.Collect$$_printf_percent$$00000000)
    .ARM.Collect$$_printf_percent$$00000003  0x08000160   Section        6  _printf_f.o(.ARM.Collect$$_printf_percent$$00000003)
    .ARM.Collect$$_printf_percent$$00000017  0x08000166   Section        4  _printf_percent_end.o(.ARM.Collect$$_printf_percent$$00000017)
    .ARM.Collect$$libinit$$00000000          0x0800016a   Section        2  libinit.o(.ARM.Collect$$libinit$$00000000)
    .ARM.Collect$$libinit$$00000002          0x0800016c   Section        0  libinit2.o(.ARM.Collect$$libinit$$00000002)
    .ARM.Collect$$libinit$$00000004          0x0800016c   Section        0  libinit2.o(.ARM.Collect$$libinit$$00000004)
    .ARM.Collect$$libinit$$00000006          0x0800016c   Section        0  libinit2.o(.ARM.Collect$$libinit$$00000006)
    .ARM.Collect$$libinit$$0000000C          0x0800016c   Section        0  libinit2.o(.ARM.Collect$$libinit$$0000000C)
    .ARM.Collect$$libinit$$0000000E          0x0800016c   Section        0  libinit2.o(.ARM.Collect$$libinit$$0000000E)
    .ARM.Collect$$libinit$$00000010          0x0800016c   Section        0  libinit2.o(.ARM.Collect$$libinit$$00000010)
    .ARM.Collect$$libinit$$00000011          0x0800016c   Section        6  libinit2.o(.ARM.Collect$$libinit$$00000011)
    .ARM.Collect$$libinit$$00000013          0x08000172   Section        0  libinit2.o(.ARM.Collect$$libinit$$00000013)
    .ARM.Collect$$libinit$$00000015          0x08000172   Section        0  libinit2.o(.ARM.Collect$$libinit$$00000015)
    .ARM.Collect$$libinit$$00000017          0x08000172   Section        0  libinit2.o(.ARM.Collect$$libinit$$00000017)
    .ARM.Collect$$libinit$$00000018          0x08000172   Section       10  libinit2.o(.ARM.Collect$$libinit$$00000018)
    .ARM.Collect$$libinit$$00000019          0x0800017c   Section        0  libinit2.o(.ARM.Collect$$libinit$$00000019)
    .ARM.Collect$$libinit$$0000001B          0x0800017c   Section        0  libinit2.o(.ARM.Collect$$libinit$$0000001B)
    .ARM.Collect$$libinit$$0000001D          0x0800017c   Section        0  libinit2.o(.ARM.Collect$$libinit$$0000001D)
    .ARM.Collect$$libinit$$0000001F          0x0800017c   Section        0  libinit2.o(.ARM.Collect$$libinit$$0000001F)
    .ARM.Collect$$libinit$$00000021          0x0800017c   Section        0  libinit2.o(.ARM.Collect$$libinit$$00000021)
    .ARM.Collect$$libinit$$00000023          0x0800017c   Section        0  libinit2.o(.ARM.Collect$$libinit$$00000023)
    .ARM.Collect$$libinit$$00000025          0x0800017c   Section        0  libinit2.o(.ARM.Collect$$libinit$$00000025)
    .ARM.Collect$$libinit$$00000027          0x0800017c   Section        0  libinit2.o(.ARM.Collect$$libinit$$00000027)
    .ARM.Collect$$libinit$$0000002E          0x0800017c   Section        0  libinit2.o(.ARM.Collect$$libinit$$0000002E)
    .ARM.Collect$$libinit$$00000030          0x0800017c   Section        0  libinit2.o(.ARM.Collect$$libinit$$00000030)
    .ARM.Collect$$libinit$$00000032          0x0800017c   Section        0  libinit2.o(.ARM.Collect$$libinit$$00000032)
    .ARM.Collect$$libinit$$00000034          0x0800017c   Section        0  libinit2.o(.ARM.Collect$$libinit$$00000034)
    .ARM.Collect$$libinit$$00000035          0x0800017c   Section        2  libinit2.o(.ARM.Collect$$libinit$$00000035)
    .ARM.Collect$$libshutdown$$00000000      0x0800017e   Section        2  libshutdown.o(.ARM.Collect$$libshutdown$$00000000)
    .ARM.Collect$$libshutdown$$00000002      0x08000180   Section        0  libshutdown2.o(.ARM.Collect$$libshutdown$$00000002)
    .ARM.Collect$$libshutdown$$00000004      0x08000180   Section        0  libshutdown2.o(.ARM.Collect$$libshutdown$$00000004)
    .ARM.Collect$$libshutdown$$00000007      0x08000180   Section        0  libshutdown2.o(.ARM.Collect$$libshutdown$$00000007)
    .ARM.Collect$$libshutdown$$0000000A      0x08000180   Section        0  libshutdown2.o(.ARM.Collect$$libshutdown$$0000000A)
    .ARM.Collect$$libshutdown$$0000000C      0x08000180   Section        0  libshutdown2.o(.ARM.Collect$$libshutdown$$0000000C)
    .ARM.Collect$$libshutdown$$0000000F      0x08000180   Section        0  libshutdown2.o(.ARM.Collect$$libshutdown$$0000000F)
    .ARM.Collect$$libshutdown$$00000010      0x08000180   Section        2  libshutdown2.o(.ARM.Collect$$libshutdown$$00000010)
    .ARM.Collect$$rtentry$$00000000          0x08000182   Section        0  __rtentry.o(.ARM.Collect$$rtentry$$00000000)
    .ARM.Collect$$rtentry$$00000002          0x08000182   Section        0  __rtentry2.o(.ARM.Collect$$rtentry$$00000002)
    .ARM.Collect$$rtentry$$00000004          0x08000182   Section        6  __rtentry4.o(.ARM.Collect$$rtentry$$00000004)
    .ARM.Collect$$rtentry$$00000009          0x08000188   Section        0  __rtentry2.o(.ARM.Collect$$rtentry$$00000009)
    .ARM.Collect$$rtentry$$0000000A          0x08000188   Section        4  __rtentry2.o(.ARM.Collect$$rtentry$$0000000A)
    .ARM.Collect$$rtentry$$0000000C          0x0800018c   Section        0  __rtentry2.o(.ARM.Collect$$rtentry$$0000000C)
    .ARM.Collect$$rtentry$$0000000D          0x0800018c   Section        8  __rtentry2.o(.ARM.Collect$$rtentry$$0000000D)
    .ARM.Collect$$rtexit$$00000000           0x08000194   Section        2  rtexit.o(.ARM.Collect$$rtexit$$00000000)
    .ARM.Collect$$rtexit$$00000002           0x08000196   Section        0  rtexit2.o(.ARM.Collect$$rtexit$$00000002)
    .ARM.Collect$$rtexit$$00000003           0x08000196   Section        4  rtexit2.o(.ARM.Collect$$rtexit$$00000003)
    .ARM.Collect$$rtexit$$00000004           0x0800019a   Section        6  rtexit2.o(.ARM.Collect$$rtexit$$00000004)
    .text                                    0x080001a0   Section       64  startup_stm32f103xb.o(.text)
    .text                                    0x080001e0   Section        0  noretval__2sprintf.o(.text)
    .text                                    0x08000208   Section        0  __printf_flags_wp.o(.text)
    .text                                    0x08000340   Section        0  strlen.o(.text)
    .text                                    0x0800037e   Section        0  heapauxi.o(.text)
    _fp_digits                               0x08000385   Thumb Code   432  _printf_fp_dec.o(.text)
    .text                                    0x08000384   Section        0  _printf_fp_dec.o(.text)
    _printf_input_char                       0x080007a1   Thumb Code    10  _printf_char_common.o(.text)
    .text                                    0x080007a0   Section        0  _printf_char_common.o(.text)
    .text                                    0x080007d0   Section        0  _sputc.o(.text)
    .text                                    0x080007dc   Section        8  rt_locale_intlibspace.o(.text)
    .text                                    0x080007e4   Section      138  lludiv10.o(.text)
    .text                                    0x08000870   Section        0  _printf_fp_infnan.o(.text)
    .text                                    0x080008f0   Section        0  bigflt0.o(.text)
    .text                                    0x080009d4   Section        8  libspace.o(.text)
    .text                                    0x080009dc   Section       74  sys_stackheap_outer.o(.text)
    .text                                    0x08000a26   Section        0  exit.o(.text)
    .text                                    0x08000a38   Section      128  strcmpv7m.o(.text)
    .text                                    0x08000ab8   Section        0  sys_exit.o(.text)
    .text                                    0x08000ac4   Section        2  use_no_semi.o(.text)
    .text                                    0x08000ac6   Section        0  indicate_semi.o(.text)
    [Anonymous Symbol]                       0x08000ac8   Section        0  stm32f1xx_hal_adc.o(.text.ADC_DMAConvCplt)
    [Anonymous Symbol]                       0x08000b1c   Section        0  stm32f1xx_hal_adc.o(.text.ADC_DMAError)
    [Anonymous Symbol]                       0x08000b34   Section        0  stm32f1xx_hal_adc.o(.text.ADC_DMAHalfConvCplt)
    [Anonymous Symbol]                       0x08000b3c   Section        0  stm32f1xx_hal_adc.o(.text.ADC_Enable)
    [Anonymous Symbol]                       0x08000bf4   Section        0  stm32f1xx_it.o(.text.BusFault_Handler)
    [Anonymous Symbol]                       0x08000bf8   Section        0  stm32f1xx_it.o(.text.DMA1_Channel1_IRQHandler)
    [Anonymous Symbol]                       0x08000c04   Section        0  stm32f1xx_it.o(.text.DMA1_Channel3_IRQHandler)
    [Anonymous Symbol]                       0x08000c10   Section        0  stm32f1xx_it.o(.text.DMA1_Channel7_IRQHandler)
    [Anonymous Symbol]                       0x08000c1c   Section        0  stm32f1xx_it.o(.text.DebugMon_Handler)
    [Anonymous Symbol]                       0x08000c20   Section        0  main.o(.text.Error_Handler)
    [Anonymous Symbol]                       0x08000c2c   Section        0  stm32f1xx_hal_adc.o(.text.HAL_ADC_ConfigChannel)
    [Anonymous Symbol]                       0x08000db8   Section        0  stm32f1xx_hal_adc.o(.text.HAL_ADC_ConvCpltCallback)
    [Anonymous Symbol]                       0x08000dbc   Section        0  stm32f1xx_hal_adc.o(.text.HAL_ADC_ConvHalfCpltCallback)
    [Anonymous Symbol]                       0x08000dc0   Section        0  stm32f1xx_hal_adc.o(.text.HAL_ADC_ErrorCallback)
    [Anonymous Symbol]                       0x08000dc4   Section        0  stm32f1xx_hal_adc.o(.text.HAL_ADC_Init)
    [Anonymous Symbol]                       0x08000f20   Section        0  adc.o(.text.HAL_ADC_MspInit)
    [Anonymous Symbol]                       0x08000fc4   Section        0  stm32f1xx_hal_adc.o(.text.HAL_ADC_Start_DMA)
    [Anonymous Symbol]                       0x080010dc   Section        0  stm32f1xx_hal_dma.o(.text.HAL_DMA_Abort)
    [Anonymous Symbol]                       0x08001124   Section        0  stm32f1xx_hal_dma.o(.text.HAL_DMA_Abort_IT)
    [Anonymous Symbol]                       0x080011d8   Section        0  stm32f1xx_hal_dma.o(.text.HAL_DMA_IRQHandler)
    [Anonymous Symbol]                       0x08001378   Section        0  stm32f1xx_hal_dma.o(.text.HAL_DMA_Init)
    [Anonymous Symbol]                       0x08001400   Section        0  stm32f1xx_hal_dma.o(.text.HAL_DMA_Start_IT)
    [Anonymous Symbol]                       0x0800149c   Section        0  stm32f1xx_hal.o(.text.HAL_Delay)
    [Anonymous Symbol]                       0x080014c4   Section        0  stm32f1xx_hal_gpio.o(.text.HAL_GPIO_Init)
    [Anonymous Symbol]                       0x080016e0   Section        0  stm32f1xx_hal_gpio.o(.text.HAL_GPIO_WritePin)
    [Anonymous Symbol]                       0x080016ec   Section        0  stm32f1xx_hal.o(.text.HAL_GetTick)
    [Anonymous Symbol]                       0x080016f8   Section        0  stm32f1xx_hal_i2c.o(.text.HAL_I2C_Init)
    [Anonymous Symbol]                       0x08001870   Section        0  i2c.o(.text.HAL_I2C_MspInit)
    [Anonymous Symbol]                       0x08001920   Section        0  stm32f1xx_hal.o(.text.HAL_IncTick)
    [Anonymous Symbol]                       0x0800193c   Section        0  stm32f1xx_hal.o(.text.HAL_Init)
    [Anonymous Symbol]                       0x08001964   Section        0  stm32f1xx_hal.o(.text.HAL_InitTick)
    [Anonymous Symbol]                       0x080019ac   Section        0  stm32f1xx_hal_msp.o(.text.HAL_MspInit)
    [Anonymous Symbol]                       0x080019f0   Section        0  stm32f1xx_hal_cortex.o(.text.HAL_NVIC_EnableIRQ)
    [Anonymous Symbol]                       0x08001a18   Section        0  stm32f1xx_hal_cortex.o(.text.HAL_NVIC_SetPriority)
    [Anonymous Symbol]                       0x08001a70   Section        0  stm32f1xx_hal_cortex.o(.text.HAL_NVIC_SetPriorityGrouping)
    [Anonymous Symbol]                       0x08001a90   Section        0  stm32f1xx_hal_rcc_ex.o(.text.HAL_RCCEx_PeriphCLKConfig)
    [Anonymous Symbol]                       0x08001b9c   Section        0  stm32f1xx_hal_rcc.o(.text.HAL_RCC_ClockConfig)
    [Anonymous Symbol]                       0x08001d5c   Section        0  stm32f1xx_hal_rcc.o(.text.HAL_RCC_GetPCLK1Freq)
    [Anonymous Symbol]                       0x08001d84   Section        0  stm32f1xx_hal_rcc.o(.text.HAL_RCC_GetPCLK2Freq)
    [Anonymous Symbol]                       0x08001dac   Section        0  stm32f1xx_hal_rcc.o(.text.HAL_RCC_OscConfig)
    [Anonymous Symbol]                       0x08002160   Section        0  stm32f1xx_hal_spi.o(.text.HAL_SPI_ErrorCallback)
    [Anonymous Symbol]                       0x08002164   Section        0  stm32f1xx_hal_spi.o(.text.HAL_SPI_IRQHandler)
    [Anonymous Symbol]                       0x0800226c   Section        0  stm32f1xx_hal_spi.o(.text.HAL_SPI_Init)
    [Anonymous Symbol]                       0x08002318   Section        0  spi.o(.text.HAL_SPI_MspInit)
    [Anonymous Symbol]                       0x080023bc   Section        0  stm32f1xx_hal_cortex.o(.text.HAL_SYSTICK_Config)
    [Anonymous Symbol]                       0x080023e8   Section        0  stm32f1xx_hal_tim_ex.o(.text.HAL_TIMEx_BreakCallback)
    [Anonymous Symbol]                       0x080023ec   Section        0  stm32f1xx_hal_tim_ex.o(.text.HAL_TIMEx_CommutCallback)
    [Anonymous Symbol]                       0x080023f0   Section        0  stm32f1xx_hal_tim_ex.o(.text.HAL_TIMEx_MasterConfigSynchronization)
    [Anonymous Symbol]                       0x0800246c   Section        0  stm32f1xx_hal_tim.o(.text.HAL_TIM_Base_Init)
    [Anonymous Symbol]                       0x08002558   Section        0  tim.o(.text.HAL_TIM_Base_MspInit)
    [Anonymous Symbol]                       0x080025a0   Section        0  stm32f1xx_hal_tim.o(.text.HAL_TIM_ConfigClockSource)
    [Anonymous Symbol]                       0x0800273c   Section        0  stm32f1xx_hal_tim.o(.text.HAL_TIM_IC_CaptureCallback)
    [Anonymous Symbol]                       0x08002740   Section        0  stm32f1xx_hal_tim.o(.text.HAL_TIM_IRQHandler)
    [Anonymous Symbol]                       0x080028b0   Section        0  stm32f1xx_hal_tim.o(.text.HAL_TIM_OC_DelayElapsedCallback)
    [Anonymous Symbol]                       0x080028b4   Section        0  stm32f1xx_hal_tim.o(.text.HAL_TIM_PWM_PulseFinishedCallback)
    [Anonymous Symbol]                       0x080028b8   Section        0  stm32f1xx_hal_tim.o(.text.HAL_TIM_PeriodElapsedCallback)
    [Anonymous Symbol]                       0x080028bc   Section        0  stm32f1xx_hal_tim.o(.text.HAL_TIM_TriggerCallback)
    [Anonymous Symbol]                       0x080028c0   Section        0  stm32f1xx_hal_uart.o(.text.HAL_UARTEx_RxEventCallback)
    [Anonymous Symbol]                       0x080028c4   Section        0  stm32f1xx_hal_uart.o(.text.HAL_UART_ErrorCallback)
    [Anonymous Symbol]                       0x080028c8   Section        0  stm32f1xx_hal_uart.o(.text.HAL_UART_IRQHandler)
    [Anonymous Symbol]                       0x08002e28   Section        0  stm32f1xx_hal_uart.o(.text.HAL_UART_Init)
    [Anonymous Symbol]                       0x08002f0c   Section        0  usart.o(.text.HAL_UART_MspInit)
    [Anonymous Symbol]                       0x08003008   Section        0  stm32f1xx_hal_uart.o(.text.HAL_UART_RxCpltCallback)
    [Anonymous Symbol]                       0x0800300c   Section        0  stm32f1xx_hal_uart.o(.text.HAL_UART_Transmit)
    [Anonymous Symbol]                       0x08003284   Section        0  stm32f1xx_hal_uart.o(.text.HAL_UART_TxCpltCallback)
    [Anonymous Symbol]                       0x08003288   Section        0  stm32f1xx_it.o(.text.HardFault_Handler)
    [Anonymous Symbol]                       0x0800328c   Section        0  mq135.o(.text.MQ135_GetQuality)
    [Anonymous Symbol]                       0x080032f4   Section        0  mq135.o(.text.MQ135_Init)
    [Anonymous Symbol]                       0x0800331c   Section        0  adc.o(.text.MX_ADC1_Init)
    [Anonymous Symbol]                       0x0800339c   Section        0  dma.o(.text.MX_DMA_Init)
    [Anonymous Symbol]                       0x080033f0   Section        0  gpio.o(.text.MX_GPIO_Init)
    [Anonymous Symbol]                       0x080034d4   Section        0  i2c.o(.text.MX_I2C1_Init)
    [Anonymous Symbol]                       0x08003518   Section        0  spi.o(.text.MX_SPI1_Init)
    [Anonymous Symbol]                       0x08003564   Section        0  tim.o(.text.MX_TIM3_Init)
    [Anonymous Symbol]                       0x080035d8   Section        0  usart.o(.text.MX_USART1_UART_Init)
    [Anonymous Symbol]                       0x08003614   Section        0  usart.o(.text.MX_USART2_UART_Init)
    [Anonymous Symbol]                       0x08003650   Section        0  stm32f1xx_it.o(.text.MemManage_Handler)
    [Anonymous Symbol]                       0x08003654   Section        0  stm32f1xx_it.o(.text.NMI_Handler)
    [Anonymous Symbol]                       0x08003658   Section        0  stm32f1xx_it.o(.text.PendSV_Handler)
    [Anonymous Symbol]                       0x0800365c   Section        0  stm32f1xx_it.o(.text.SPI1_IRQHandler)
    SPI_DMAAbortOnError                      0x08003669   Thumb Code    12  stm32f1xx_hal_spi.o(.text.SPI_DMAAbortOnError)
    [Anonymous Symbol]                       0x08003668   Section        0  stm32f1xx_hal_spi.o(.text.SPI_DMAAbortOnError)
    [Anonymous Symbol]                       0x08003674   Section        0  stm32f1xx_it.o(.text.SVC_Handler)
    [Anonymous Symbol]                       0x08003678   Section        0  stm32f1xx_it.o(.text.SysTick_Handler)
    [Anonymous Symbol]                       0x0800367c   Section        0  system_stm32f1xx.o(.text.SystemInit)
    [Anonymous Symbol]                       0x08003680   Section        0  stm32f1xx_it.o(.text.TIM3_IRQHandler)
    UART_DMAAbortOnError                     0x0800368d   Thumb Code    12  stm32f1xx_hal_uart.o(.text.UART_DMAAbortOnError)
    [Anonymous Symbol]                       0x0800368c   Section        0  stm32f1xx_hal_uart.o(.text.UART_DMAAbortOnError)
    UART_Receive_IT                          0x08003699   Thumb Code   254  stm32f1xx_hal_uart.o(.text.UART_Receive_IT)
    [Anonymous Symbol]                       0x08003698   Section        0  stm32f1xx_hal_uart.o(.text.UART_Receive_IT)
    [Anonymous Symbol]                       0x08003798   Section        0  stm32f1xx_it.o(.text.USART1_IRQHandler)
    [Anonymous Symbol]                       0x080037a4   Section        0  stm32f1xx_it.o(.text.UsageFault_Handler)
    [Anonymous Symbol]                       0x080037a8   Section        0  main.o(.text.main)
    CL$$btod_d2e                             0x080038b0   Section       62  btod.o(CL$$btod_d2e)
    CL$$btod_d2e_denorm_low                  0x080038ee   Section       70  btod.o(CL$$btod_d2e_denorm_low)
    CL$$btod_d2e_norm_op1                    0x08003934   Section       96  btod.o(CL$$btod_d2e_norm_op1)
    CL$$btod_div_common                      0x08003994   Section      824  btod.o(CL$$btod_div_common)
    CL$$btod_e2e                             0x08003ccc   Section      220  btod.o(CL$$btod_e2e)
    CL$$btod_ediv                            0x08003da8   Section       42  btod.o(CL$$btod_ediv)
    CL$$btod_emul                            0x08003dd2   Section       42  btod.o(CL$$btod_emul)
    CL$$btod_mult_common                     0x08003dfc   Section      580  btod.o(CL$$btod_mult_common)
    i.__ARM_fpclassify                       0x08004040   Section        0  fpclassify.o(i.__ARM_fpclassify)
    i._is_digit                              0x08004068   Section        0  __printf_wp.o(i._is_digit)
    locale$$code                             0x08004078   Section       44  lc_numeric_c.o(locale$$code)
    x$fpl$dretinf                            0x080040a4   Section       12  dretinf.o(x$fpl$dretinf)
    x$fpl$f2d                                0x080040b0   Section       86  f2d.o(x$fpl$f2d)
    _fdiv1                                   0x08004109   Thumb Code     0  fdiv.o(x$fpl$fdiv)
    x$fpl$fdiv                               0x08004108   Section      388  fdiv.o(x$fpl$fdiv)
    x$fpl$ffltu                              0x0800428c   Section       38  fflt_clz.o(x$fpl$ffltu)
    x$fpl$fmul                               0x080042b4   Section      258  fmul.o(x$fpl$fmul)
    x$fpl$fnaninf                            0x080043b6   Section      140  fnaninf.o(x$fpl$fnaninf)
    x$fpl$fretinf                            0x08004442   Section       10  fretinf.o(x$fpl$fretinf)
    x$fpl$printf1                            0x0800444c   Section        4  printf1.o(x$fpl$printf1)
    maptable                                 0x08004450   Data          17  __printf_flags_wp.o(.constdata)
    .constdata                               0x08004450   Section       17  __printf_flags_wp.o(.constdata)
    x$fpl$usenofp                            0x08004450   Section        0  usenofp.o(x$fpl$usenofp)
    tenpwrs_x                                0x08004464   Data          60  bigflt0.o(.constdata)
    .constdata                               0x08004464   Section      148  bigflt0.o(.constdata)
    tenpwrs_i                                0x080044a0   Data          64  bigflt0.o(.constdata)
    HAL_RCC_GetSysClockFreq.aPredivFactorTable 0x08004510   Data           2  stm32f1xx_hal_rcc.o(.rodata.HAL_RCC_GetSysClockFreq.aPredivFactorTable)
    [Anonymous Symbol]                       0x08004510   Section        0  stm32f1xx_hal_rcc.o(.rodata.HAL_RCC_GetSysClockFreq.aPredivFactorTable)
    HAL_RCC_GetSysClockFreq.aPLLMULFactorTable 0x08004512   Data          16  stm32f1xx_hal_rcc.o(.rodata.cst16)
    [Anonymous Symbol]                       0x08004512   Section        0  stm32f1xx_hal_rcc.o(.rodata.cst16)
    locale$$data                             0x08004544   Section       28  lc_numeric_c.o(locale$$data)
    __lcnum_c_name                           0x08004548   Data           2  lc_numeric_c.o(locale$$data)
    __lcnum_c_start                          0x08004550   Data           0  lc_numeric_c.o(locale$$data)
    __lcnum_c_point                          0x0800455c   Data           0  lc_numeric_c.o(locale$$data)
    __lcnum_c_thousands                      0x0800455e   Data           0  lc_numeric_c.o(locale$$data)
    __lcnum_c_grouping                       0x0800455f   Data           0  lc_numeric_c.o(locale$$data)
    __lcnum_c_end                            0x08004560   Data           0  lc_numeric_c.o(locale$$data)
    .L_MergedGlobals                         0x20000000   Data           8  stm32f1xx_hal.o(.data..L_MergedGlobals)
    [Anonymous Symbol]                       0x20000000   Section        0  stm32f1xx_hal.o(.data..L_MergedGlobals)
    .bss                                     0x20000010   Section       96  libspace.o(.bss)
    Heap_Mem                                 0x20000300   Data         512  startup_stm32f103xb.o(HEAP)
    HEAP                                     0x20000300   Section      512  startup_stm32f103xb.o(HEAP)
    Stack_Mem                                0x20000500   Data        1024  startup_stm32f103xb.o(STACK)
    STACK                                    0x20000500   Section     1024  startup_stm32f103xb.o(STACK)
    __initial_sp                             0x20000900   Data           0  startup_stm32f103xb.o(STACK)

    Global Symbols

    Symbol Name                              Value     Ov Type        Size  Object(Section)

    BuildAttributes$$THM_ISAv4$P$D$K$B$S$PE$A:L22UL41UL21$X:L11$S22US41US21$IEEE1$IW$~IW$USESV6$~STKCKD$USESV7$~SHL$OTIME$ROPI$IEEEJ$EBA8$UX$STANDARDLIB$REQ8$PRES8$EABIv2 0x00000000   Number         0  anon$$obj.o ABSOLUTE
    __fp_init_empty                          0x00000000   Number         0  fpinit_empty.o ABSOLUTE
    _printf_flags                            0x00000000   Number         0  printf_stubs.o ABSOLUTE
    _printf_return_value                     0x00000000   Number         0  printf_stubs.o ABSOLUTE
    _printf_sizespec                         0x00000000   Number         0  printf_stubs.o ABSOLUTE
    _printf_widthprec                        0x00000000   Number         0  printf_stubs.o ABSOLUTE
    __ARM_exceptions_init                     - Undefined Weak Reference
    __alloca_initialize                       - Undefined Weak Reference
    __arm_preinit_                            - Undefined Weak Reference
    __arm_relocate_pie_                       - Undefined Weak Reference
    __cpp_initialize__aeabi_                  - Undefined Weak Reference
    __cxa_finalize                            - Undefined Weak Reference
    __sigvec_lookup                           - Undefined Weak Reference
    _atexit_init                              - Undefined Weak Reference
    _call_atexit_fns                          - Undefined Weak Reference
    _clock_init                               - Undefined Weak Reference
    _fp_trap_init                             - Undefined Weak Reference
    _fp_trap_shutdown                         - Undefined Weak Reference
    _get_lc_collate                           - Undefined Weak Reference
    _get_lc_ctype                             - Undefined Weak Reference
    _get_lc_monetary                          - Undefined Weak Reference
    _get_lc_time                              - Undefined Weak Reference
    _getenv_init                              - Undefined Weak Reference
    _handle_redirection                       - Undefined Weak Reference
    _init_alloc                               - Undefined Weak Reference
    _init_user_alloc                          - Undefined Weak Reference
    _initio                                   - Undefined Weak Reference
    _printf_post_padding                      - Undefined Weak Reference
    _printf_pre_padding                       - Undefined Weak Reference
    _rand_init                                - Undefined Weak Reference
    _signal_finish                            - Undefined Weak Reference
    _signal_init                              - Undefined Weak Reference
    _terminate_alloc                          - Undefined Weak Reference
    _terminate_user_alloc                     - Undefined Weak Reference
    _terminateio                              - Undefined Weak Reference
    __Vectors_Size                           0x000000ec   Number         0  startup_stm32f103xb.o ABSOLUTE
    __Vectors                                0x08000000   Data           4  startup_stm32f103xb.o(RESET)
    __Vectors_End                            0x080000ec   Data           0  startup_stm32f103xb.o(RESET)
    __main                                   0x080000ed   Thumb Code     8  __main.o(!!!main)
    __scatterload                            0x080000f5   Thumb Code     0  __scatter.o(!!!scatter)
    __scatterload_rt2                        0x080000f5   Thumb Code    44  __scatter.o(!!!scatter)
    __scatterload_rt2_thumb_only             0x080000f5   Thumb Code     0  __scatter.o(!!!scatter)
    __scatterload_null                       0x08000103   Thumb Code     0  __scatter.o(!!!scatter)
    __scatterload_copy                       0x08000129   Thumb Code    26  __scatter_copy.o(!!handler_copy)
    __scatterload_zeroinit                   0x08000145   Thumb Code    28  __scatter_zi.o(!!handler_zi)
    _printf_f                                0x08000161   Thumb Code     0  _printf_f.o(.ARM.Collect$$_printf_percent$$00000003)
    _printf_percent                          0x08000161   Thumb Code     0  _printf_percent.o(.ARM.Collect$$_printf_percent$$00000000)
    _printf_percent_end                      0x08000167   Thumb Code     0  _printf_percent_end.o(.ARM.Collect$$_printf_percent$$00000017)
    __rt_lib_init                            0x0800016b   Thumb Code     0  libinit.o(.ARM.Collect$$libinit$$00000000)
    __rt_lib_init_fp_1                       0x0800016d   Thumb Code     0  libinit2.o(.ARM.Collect$$libinit$$00000002)
    __rt_lib_init_heap_1                     0x0800016d   Thumb Code     0  libinit2.o(.ARM.Collect$$libinit$$0000000C)
    __rt_lib_init_lc_common                  0x0800016d   Thumb Code     0  libinit2.o(.ARM.Collect$$libinit$$00000011)
    __rt_lib_init_preinit_1                  0x0800016d   Thumb Code     0  libinit2.o(.ARM.Collect$$libinit$$00000006)
    __rt_lib_init_rand_1                     0x0800016d   Thumb Code     0  libinit2.o(.ARM.Collect$$libinit$$00000010)
    __rt_lib_init_relocate_pie_1             0x0800016d   Thumb Code     0  libinit2.o(.ARM.Collect$$libinit$$00000004)
    __rt_lib_init_user_alloc_1               0x0800016d   Thumb Code     0  libinit2.o(.ARM.Collect$$libinit$$0000000E)
    __rt_lib_init_lc_collate_1               0x08000173   Thumb Code     0  libinit2.o(.ARM.Collect$$libinit$$00000013)
    __rt_lib_init_lc_ctype_1                 0x08000173   Thumb Code     0  libinit2.o(.ARM.Collect$$libinit$$00000015)
    __rt_lib_init_lc_monetary_1              0x08000173   Thumb Code     0  libinit2.o(.ARM.Collect$$libinit$$00000017)
    __rt_lib_init_lc_numeric_2               0x08000173   Thumb Code     0  libinit2.o(.ARM.Collect$$libinit$$00000018)
    __rt_lib_init_alloca_1                   0x0800017d   Thumb Code     0  libinit2.o(.ARM.Collect$$libinit$$00000030)
    __rt_lib_init_argv_1                     0x0800017d   Thumb Code     0  libinit2.o(.ARM.Collect$$libinit$$0000002E)
    __rt_lib_init_atexit_1                   0x0800017d   Thumb Code     0  libinit2.o(.ARM.Collect$$libinit$$0000001D)
    __rt_lib_init_clock_1                    0x0800017d   Thumb Code     0  libinit2.o(.ARM.Collect$$libinit$$00000023)
    __rt_lib_init_cpp_1                      0x0800017d   Thumb Code     0  libinit2.o(.ARM.Collect$$libinit$$00000034)
    __rt_lib_init_exceptions_1               0x0800017d   Thumb Code     0  libinit2.o(.ARM.Collect$$libinit$$00000032)
    __rt_lib_init_fp_trap_1                  0x0800017d   Thumb Code     0  libinit2.o(.ARM.Collect$$libinit$$00000021)
    __rt_lib_init_getenv_1                   0x0800017d   Thumb Code     0  libinit2.o(.ARM.Collect$$libinit$$00000025)
    __rt_lib_init_lc_numeric_1               0x0800017d   Thumb Code     0  libinit2.o(.ARM.Collect$$libinit$$00000019)
    __rt_lib_init_lc_time_1                  0x0800017d   Thumb Code     0  libinit2.o(.ARM.Collect$$libinit$$0000001B)
    __rt_lib_init_return                     0x0800017d   Thumb Code     0  libinit2.o(.ARM.Collect$$libinit$$00000035)
    __rt_lib_init_signal_1                   0x0800017d   Thumb Code     0  libinit2.o(.ARM.Collect$$libinit$$0000001F)
    __rt_lib_init_stdio_1                    0x0800017d   Thumb Code     0  libinit2.o(.ARM.Collect$$libinit$$00000027)
    __rt_lib_shutdown                        0x0800017f   Thumb Code     0  libshutdown.o(.ARM.Collect$$libshutdown$$00000000)
    __rt_lib_shutdown_cpp_1                  0x08000181   Thumb Code     0  libshutdown2.o(.ARM.Collect$$libshutdown$$00000002)
    __rt_lib_shutdown_fp_trap_1              0x08000181   Thumb Code     0  libshutdown2.o(.ARM.Collect$$libshutdown$$00000007)
    __rt_lib_shutdown_heap_1                 0x08000181   Thumb Code     0  libshutdown2.o(.ARM.Collect$$libshutdown$$0000000F)
    __rt_lib_shutdown_return                 0x08000181   Thumb Code     0  libshutdown2.o(.ARM.Collect$$libshutdown$$00000010)
    __rt_lib_shutdown_signal_1               0x08000181   Thumb Code     0  libshutdown2.o(.ARM.Collect$$libshutdown$$0000000A)
    __rt_lib_shutdown_stdio_1                0x08000181   Thumb Code     0  libshutdown2.o(.ARM.Collect$$libshutdown$$00000004)
    __rt_lib_shutdown_user_alloc_1           0x08000181   Thumb Code     0  libshutdown2.o(.ARM.Collect$$libshutdown$$0000000C)
    __rt_entry                               0x08000183   Thumb Code     0  __rtentry.o(.ARM.Collect$$rtentry$$00000000)
    __rt_entry_presh_1                       0x08000183   Thumb Code     0  __rtentry2.o(.ARM.Collect$$rtentry$$00000002)
    __rt_entry_sh                            0x08000183   Thumb Code     0  __rtentry4.o(.ARM.Collect$$rtentry$$00000004)
    __rt_entry_li                            0x08000189   Thumb Code     0  __rtentry2.o(.ARM.Collect$$rtentry$$0000000A)
    __rt_entry_postsh_1                      0x08000189   Thumb Code     0  __rtentry2.o(.ARM.Collect$$rtentry$$00000009)
    __rt_entry_main                          0x0800018d   Thumb Code     0  __rtentry2.o(.ARM.Collect$$rtentry$$0000000D)
    __rt_entry_postli_1                      0x0800018d   Thumb Code     0  __rtentry2.o(.ARM.Collect$$rtentry$$0000000C)
    __rt_exit                                0x08000195   Thumb Code     0  rtexit.o(.ARM.Collect$$rtexit$$00000000)
    __rt_exit_ls                             0x08000197   Thumb Code     0  rtexit2.o(.ARM.Collect$$rtexit$$00000003)
    __rt_exit_prels_1                        0x08000197   Thumb Code     0  rtexit2.o(.ARM.Collect$$rtexit$$00000002)
    __rt_exit_exit                           0x0800019b   Thumb Code     0  rtexit2.o(.ARM.Collect$$rtexit$$00000004)
    Reset_Handler                            0x080001a1   Thumb Code     8  startup_stm32f103xb.o(.text)
    ADC1_2_IRQHandler                        0x080001bb   Thumb Code     0  startup_stm32f103xb.o(.text)
    CAN1_RX1_IRQHandler                      0x080001bb   Thumb Code     0  startup_stm32f103xb.o(.text)
    CAN1_SCE_IRQHandler                      0x080001bb   Thumb Code     0  startup_stm32f103xb.o(.text)
    DMA1_Channel2_IRQHandler                 0x080001bb   Thumb Code     0  startup_stm32f103xb.o(.text)
    DMA1_Channel4_IRQHandler                 0x080001bb   Thumb Code     0  startup_stm32f103xb.o(.text)
    DMA1_Channel5_IRQHandler                 0x080001bb   Thumb Code     0  startup_stm32f103xb.o(.text)
    DMA1_Channel6_IRQHandler                 0x080001bb   Thumb Code     0  startup_stm32f103xb.o(.text)
    EXTI0_IRQHandler                         0x080001bb   Thumb Code     0  startup_stm32f103xb.o(.text)
    EXTI15_10_IRQHandler                     0x080001bb   Thumb Code     0  startup_stm32f103xb.o(.text)
    EXTI1_IRQHandler                         0x080001bb   Thumb Code     0  startup_stm32f103xb.o(.text)
    EXTI2_IRQHandler                         0x080001bb   Thumb Code     0  startup_stm32f103xb.o(.text)
    EXTI3_IRQHandler                         0x080001bb   Thumb Code     0  startup_stm32f103xb.o(.text)
    EXTI4_IRQHandler                         0x080001bb   Thumb Code     0  startup_stm32f103xb.o(.text)
    EXTI9_5_IRQHandler                       0x080001bb   Thumb Code     0  startup_stm32f103xb.o(.text)
    FLASH_IRQHandler                         0x080001bb   Thumb Code     0  startup_stm32f103xb.o(.text)
    I2C1_ER_IRQHandler                       0x080001bb   Thumb Code     0  startup_stm32f103xb.o(.text)
    I2C1_EV_IRQHandler                       0x080001bb   Thumb Code     0  startup_stm32f103xb.o(.text)
    I2C2_ER_IRQHandler                       0x080001bb   Thumb Code     0  startup_stm32f103xb.o(.text)
    I2C2_EV_IRQHandler                       0x080001bb   Thumb Code     0  startup_stm32f103xb.o(.text)
    PVD_IRQHandler                           0x080001bb   Thumb Code     0  startup_stm32f103xb.o(.text)
    RCC_IRQHandler                           0x080001bb   Thumb Code     0  startup_stm32f103xb.o(.text)
    RTC_Alarm_IRQHandler                     0x080001bb   Thumb Code     0  startup_stm32f103xb.o(.text)
    RTC_IRQHandler                           0x080001bb   Thumb Code     0  startup_stm32f103xb.o(.text)
    SPI2_IRQHandler                          0x080001bb   Thumb Code     0  startup_stm32f103xb.o(.text)
    TAMPER_IRQHandler                        0x080001bb   Thumb Code     0  startup_stm32f103xb.o(.text)
    TIM1_BRK_IRQHandler                      0x080001bb   Thumb Code     0  startup_stm32f103xb.o(.text)
    TIM1_CC_IRQHandler                       0x080001bb   Thumb Code     0  startup_stm32f103xb.o(.text)
    TIM1_TRG_COM_IRQHandler                  0x080001bb   Thumb Code     0  startup_stm32f103xb.o(.text)
    TIM1_UP_IRQHandler                       0x080001bb   Thumb Code     0  startup_stm32f103xb.o(.text)
    TIM2_IRQHandler                          0x080001bb   Thumb Code     0  startup_stm32f103xb.o(.text)
    TIM4_IRQHandler                          0x080001bb   Thumb Code     0  startup_stm32f103xb.o(.text)
    USART2_IRQHandler                        0x080001bb   Thumb Code     0  startup_stm32f103xb.o(.text)
    USART3_IRQHandler                        0x080001bb   Thumb Code     0  startup_stm32f103xb.o(.text)
    USBWakeUp_IRQHandler                     0x080001bb   Thumb Code     0  startup_stm32f103xb.o(.text)
    USB_HP_CAN1_TX_IRQHandler                0x080001bb   Thumb Code     0  startup_stm32f103xb.o(.text)
    USB_LP_CAN1_RX0_IRQHandler               0x080001bb   Thumb Code     0  startup_stm32f103xb.o(.text)
    WWDG_IRQHandler                          0x080001bb   Thumb Code     0  startup_stm32f103xb.o(.text)
    __user_initial_stackheap                 0x080001bd   Thumb Code     0  startup_stm32f103xb.o(.text)
    __2sprintf                               0x080001e1   Thumb Code    34  noretval__2sprintf.o(.text)
    __printf                                 0x08000209   Thumb Code   308  __printf_flags_wp.o(.text)
    strlen                                   0x08000341   Thumb Code    62  strlen.o(.text)
    __use_two_region_memory                  0x0800037f   Thumb Code     2  heapauxi.o(.text)
    __rt_heap_escrow$2region                 0x08000381   Thumb Code     2  heapauxi.o(.text)
    __rt_heap_expand$2region                 0x08000383   Thumb Code     2  heapauxi.o(.text)
    _printf_fp_dec_real                      0x08000535   Thumb Code   620  _printf_fp_dec.o(.text)
    _printf_char_common                      0x080007ab   Thumb Code    32  _printf_char_common.o(.text)
    _sputc                                   0x080007d1   Thumb Code    10  _sputc.o(.text)
    __rt_locale                              0x080007dd   Thumb Code     8  rt_locale_intlibspace.o(.text)
    _ll_udiv10                               0x080007e5   Thumb Code   138  lludiv10.o(.text)
    _printf_fp_infnan                        0x08000871   Thumb Code   112  _printf_fp_infnan.o(.text)
    _btod_etento                             0x080008f1   Thumb Code   224  bigflt0.o(.text)
    __user_libspace                          0x080009d5   Thumb Code     8  libspace.o(.text)
    __user_perproc_libspace                  0x080009d5   Thumb Code     0  libspace.o(.text)
    __user_perthread_libspace                0x080009d5   Thumb Code     0  libspace.o(.text)
    __user_setup_stackheap                   0x080009dd   Thumb Code    74  sys_stackheap_outer.o(.text)
    exit                                     0x08000a27   Thumb Code    18  exit.o(.text)
    strcmp                                   0x08000a39   Thumb Code   128  strcmpv7m.o(.text)
    _sys_exit                                0x08000ab9   Thumb Code     8  sys_exit.o(.text)
    __I$use$semihosting                      0x08000ac5   Thumb Code     0  use_no_semi.o(.text)
    __use_no_semihosting_swi                 0x08000ac5   Thumb Code     2  use_no_semi.o(.text)
    __semihosting_library_function           0x08000ac7   Thumb Code     0  indicate_semi.o(.text)
    ADC_DMAConvCplt                          0x08000ac9   Thumb Code    82  stm32f1xx_hal_adc.o(.text.ADC_DMAConvCplt)
    ADC_DMAError                             0x08000b1d   Thumb Code    22  stm32f1xx_hal_adc.o(.text.ADC_DMAError)
    ADC_DMAHalfConvCplt                      0x08000b35   Thumb Code     6  stm32f1xx_hal_adc.o(.text.ADC_DMAHalfConvCplt)
    ADC_Enable                               0x08000b3d   Thumb Code   182  stm32f1xx_hal_adc.o(.text.ADC_Enable)
    BusFault_Handler                         0x08000bf5   Thumb Code     2  stm32f1xx_it.o(.text.BusFault_Handler)
    DMA1_Channel1_IRQHandler                 0x08000bf9   Thumb Code    12  stm32f1xx_it.o(.text.DMA1_Channel1_IRQHandler)
    DMA1_Channel3_IRQHandler                 0x08000c05   Thumb Code    12  stm32f1xx_it.o(.text.DMA1_Channel3_IRQHandler)
    DMA1_Channel7_IRQHandler                 0x08000c11   Thumb Code    12  stm32f1xx_it.o(.text.DMA1_Channel7_IRQHandler)
    DebugMon_Handler                         0x08000c1d   Thumb Code     2  stm32f1xx_it.o(.text.DebugMon_Handler)
    Error_Handler                            0x08000c21   Thumb Code    10  main.o(.text.Error_Handler)
    HAL_ADC_ConfigChannel                    0x08000c2d   Thumb Code   396  stm32f1xx_hal_adc.o(.text.HAL_ADC_ConfigChannel)
    HAL_ADC_ConvCpltCallback                 0x08000db9   Thumb Code     2  stm32f1xx_hal_adc.o(.text.HAL_ADC_ConvCpltCallback)
    HAL_ADC_ConvHalfCpltCallback             0x08000dbd   Thumb Code     2  stm32f1xx_hal_adc.o(.text.HAL_ADC_ConvHalfCpltCallback)
    HAL_ADC_ErrorCallback                    0x08000dc1   Thumb Code     2  stm32f1xx_hal_adc.o(.text.HAL_ADC_ErrorCallback)
    HAL_ADC_Init                             0x08000dc5   Thumb Code   348  stm32f1xx_hal_adc.o(.text.HAL_ADC_Init)
    HAL_ADC_MspInit                          0x08000f21   Thumb Code   162  adc.o(.text.HAL_ADC_MspInit)
    HAL_ADC_Start_DMA                        0x08000fc5   Thumb Code   280  stm32f1xx_hal_adc.o(.text.HAL_ADC_Start_DMA)
    HAL_DMA_Abort                            0x080010dd   Thumb Code    70  stm32f1xx_hal_dma.o(.text.HAL_DMA_Abort)
    HAL_DMA_Abort_IT                         0x08001125   Thumb Code   178  stm32f1xx_hal_dma.o(.text.HAL_DMA_Abort_IT)
    HAL_DMA_IRQHandler                       0x080011d9   Thumb Code   416  stm32f1xx_hal_dma.o(.text.HAL_DMA_IRQHandler)
    HAL_DMA_Init                             0x08001379   Thumb Code   136  stm32f1xx_hal_dma.o(.text.HAL_DMA_Init)
    HAL_DMA_Start_IT                         0x08001401   Thumb Code   156  stm32f1xx_hal_dma.o(.text.HAL_DMA_Start_IT)
    HAL_Delay                                0x0800149d   Thumb Code    40  stm32f1xx_hal.o(.text.HAL_Delay)
    HAL_GPIO_Init                            0x080014c5   Thumb Code   538  stm32f1xx_hal_gpio.o(.text.HAL_GPIO_Init)
    HAL_GPIO_WritePin                        0x080016e1   Thumb Code    10  stm32f1xx_hal_gpio.o(.text.HAL_GPIO_WritePin)
    HAL_GetTick                              0x080016ed   Thumb Code    12  stm32f1xx_hal.o(.text.HAL_GetTick)
    HAL_I2C_Init                             0x080016f9   Thumb Code   374  stm32f1xx_hal_i2c.o(.text.HAL_I2C_Init)
    HAL_I2C_MspInit                          0x08001871   Thumb Code   174  i2c.o(.text.HAL_I2C_MspInit)
    HAL_IncTick                              0x08001921   Thumb Code    26  stm32f1xx_hal.o(.text.HAL_IncTick)
    HAL_Init                                 0x0800193d   Thumb Code    38  stm32f1xx_hal.o(.text.HAL_Init)
    HAL_InitTick                             0x08001965   Thumb Code    72  stm32f1xx_hal.o(.text.HAL_InitTick)
    HAL_MspInit                              0x080019ad   Thumb Code    66  stm32f1xx_hal_msp.o(.text.HAL_MspInit)
    HAL_NVIC_EnableIRQ                       0x080019f1   Thumb Code    38  stm32f1xx_hal_cortex.o(.text.HAL_NVIC_EnableIRQ)
    HAL_NVIC_SetPriority                     0x08001a19   Thumb Code    86  stm32f1xx_hal_cortex.o(.text.HAL_NVIC_SetPriority)
    HAL_NVIC_SetPriorityGrouping             0x08001a71   Thumb Code    32  stm32f1xx_hal_cortex.o(.text.HAL_NVIC_SetPriorityGrouping)
    HAL_RCCEx_PeriphCLKConfig                0x08001a91   Thumb Code   266  stm32f1xx_hal_rcc_ex.o(.text.HAL_RCCEx_PeriphCLKConfig)
    HAL_RCC_ClockConfig                      0x08001b9d   Thumb Code   446  stm32f1xx_hal_rcc.o(.text.HAL_RCC_ClockConfig)
    HAL_RCC_GetPCLK1Freq                     0x08001d5d   Thumb Code    38  stm32f1xx_hal_rcc.o(.text.HAL_RCC_GetPCLK1Freq)
    HAL_RCC_GetPCLK2Freq                     0x08001d85   Thumb Code    38  stm32f1xx_hal_rcc.o(.text.HAL_RCC_GetPCLK2Freq)
    HAL_RCC_OscConfig                        0x08001dad   Thumb Code   948  stm32f1xx_hal_rcc.o(.text.HAL_RCC_OscConfig)
    HAL_SPI_ErrorCallback                    0x08002161   Thumb Code     2  stm32f1xx_hal_spi.o(.text.HAL_SPI_ErrorCallback)
    HAL_SPI_IRQHandler                       0x08002165   Thumb Code   264  stm32f1xx_hal_spi.o(.text.HAL_SPI_IRQHandler)
    HAL_SPI_Init                             0x0800226d   Thumb Code   172  stm32f1xx_hal_spi.o(.text.HAL_SPI_Init)
    HAL_SPI_MspInit                          0x08002319   Thumb Code   164  spi.o(.text.HAL_SPI_MspInit)
    HAL_SYSTICK_Config                       0x080023bd   Thumb Code    44  stm32f1xx_hal_cortex.o(.text.HAL_SYSTICK_Config)
    HAL_TIMEx_BreakCallback                  0x080023e9   Thumb Code     2  stm32f1xx_hal_tim_ex.o(.text.HAL_TIMEx_BreakCallback)
    HAL_TIMEx_CommutCallback                 0x080023ed   Thumb Code     2  stm32f1xx_hal_tim_ex.o(.text.HAL_TIMEx_CommutCallback)
    HAL_TIMEx_MasterConfigSynchronization    0x080023f1   Thumb Code   122  stm32f1xx_hal_tim_ex.o(.text.HAL_TIMEx_MasterConfigSynchronization)
    HAL_TIM_Base_Init                        0x0800246d   Thumb Code   236  stm32f1xx_hal_tim.o(.text.HAL_TIM_Base_Init)
    HAL_TIM_Base_MspInit                     0x08002559   Thumb Code    70  tim.o(.text.HAL_TIM_Base_MspInit)
    HAL_TIM_ConfigClockSource                0x080025a1   Thumb Code   412  stm32f1xx_hal_tim.o(.text.HAL_TIM_ConfigClockSource)
    HAL_TIM_IC_CaptureCallback               0x0800273d   Thumb Code     2  stm32f1xx_hal_tim.o(.text.HAL_TIM_IC_CaptureCallback)
    HAL_TIM_IRQHandler                       0x08002741   Thumb Code   368  stm32f1xx_hal_tim.o(.text.HAL_TIM_IRQHandler)
    HAL_TIM_OC_DelayElapsedCallback          0x080028b1   Thumb Code     2  stm32f1xx_hal_tim.o(.text.HAL_TIM_OC_DelayElapsedCallback)
    HAL_TIM_PWM_PulseFinishedCallback        0x080028b5   Thumb Code     2  stm32f1xx_hal_tim.o(.text.HAL_TIM_PWM_PulseFinishedCallback)
    HAL_TIM_PeriodElapsedCallback            0x080028b9   Thumb Code     2  stm32f1xx_hal_tim.o(.text.HAL_TIM_PeriodElapsedCallback)
    HAL_TIM_TriggerCallback                  0x080028bd   Thumb Code     2  stm32f1xx_hal_tim.o(.text.HAL_TIM_TriggerCallback)
    HAL_UARTEx_RxEventCallback               0x080028c1   Thumb Code     2  stm32f1xx_hal_uart.o(.text.HAL_UARTEx_RxEventCallback)
    HAL_UART_ErrorCallback                   0x080028c5   Thumb Code     2  stm32f1xx_hal_uart.o(.text.HAL_UART_ErrorCallback)
    HAL_UART_IRQHandler                      0x080028c9   Thumb Code  1376  stm32f1xx_hal_uart.o(.text.HAL_UART_IRQHandler)
    HAL_UART_Init                            0x08002e29   Thumb Code   226  stm32f1xx_hal_uart.o(.text.HAL_UART_Init)
    HAL_UART_MspInit                         0x08002f0d   Thumb Code   250  usart.o(.text.HAL_UART_MspInit)
    HAL_UART_RxCpltCallback                  0x08003009   Thumb Code     2  stm32f1xx_hal_uart.o(.text.HAL_UART_RxCpltCallback)
    HAL_UART_Transmit                        0x0800300d   Thumb Code   632  stm32f1xx_hal_uart.o(.text.HAL_UART_Transmit)
    HAL_UART_TxCpltCallback                  0x08003285   Thumb Code     2  stm32f1xx_hal_uart.o(.text.HAL_UART_TxCpltCallback)
    HardFault_Handler                        0x08003289   Thumb Code     2  stm32f1xx_it.o(.text.HardFault_Handler)
    MQ135_GetQuality                         0x0800328d   Thumb Code   102  mq135.o(.text.MQ135_GetQuality)
    MQ135_Init                               0x080032f5   Thumb Code    38  mq135.o(.text.MQ135_Init)
    MX_ADC1_Init                             0x0800331d   Thumb Code   128  adc.o(.text.MX_ADC1_Init)
    MX_DMA_Init                              0x0800339d   Thumb Code    84  dma.o(.text.MX_DMA_Init)
    MX_GPIO_Init                             0x080033f1   Thumb Code   228  gpio.o(.text.MX_GPIO_Init)
    MX_I2C1_Init                             0x080034d5   Thumb Code    66  i2c.o(.text.MX_I2C1_Init)
    MX_SPI1_Init                             0x08003519   Thumb Code    76  spi.o(.text.MX_SPI1_Init)
    MX_TIM3_Init                             0x08003565   Thumb Code   116  tim.o(.text.MX_TIM3_Init)
    MX_USART1_UART_Init                      0x080035d9   Thumb Code    60  usart.o(.text.MX_USART1_UART_Init)
    MX_USART2_UART_Init                      0x08003615   Thumb Code    60  usart.o(.text.MX_USART2_UART_Init)
    MemManage_Handler                        0x08003651   Thumb Code     2  stm32f1xx_it.o(.text.MemManage_Handler)
    NMI_Handler                              0x08003655   Thumb Code     2  stm32f1xx_it.o(.text.NMI_Handler)
    PendSV_Handler                           0x08003659   Thumb Code     2  stm32f1xx_it.o(.text.PendSV_Handler)
    SPI1_IRQHandler                          0x0800365d   Thumb Code    12  stm32f1xx_it.o(.text.SPI1_IRQHandler)
    SVC_Handler                              0x08003675   Thumb Code     2  stm32f1xx_it.o(.text.SVC_Handler)
    SysTick_Handler                          0x08003679   Thumb Code     4  stm32f1xx_it.o(.text.SysTick_Handler)
    SystemInit                               0x0800367d   Thumb Code     2  system_stm32f1xx.o(.text.SystemInit)
    TIM3_IRQHandler                          0x08003681   Thumb Code    12  stm32f1xx_it.o(.text.TIM3_IRQHandler)
    USART1_IRQHandler                        0x08003799   Thumb Code    12  stm32f1xx_it.o(.text.USART1_IRQHandler)
    UsageFault_Handler                       0x080037a5   Thumb Code     2  stm32f1xx_it.o(.text.UsageFault_Handler)
    main                                     0x080037a9   Thumb Code   248  main.o(.text.main)
    _btod_d2e                                0x080038b1   Thumb Code    62  btod.o(CL$$btod_d2e)
    _d2e_denorm_low                          0x080038ef   Thumb Code    70  btod.o(CL$$btod_d2e_denorm_low)
    _d2e_norm_op1                            0x08003935   Thumb Code    96  btod.o(CL$$btod_d2e_norm_op1)
    __btod_div_common                        0x08003995   Thumb Code   696  btod.o(CL$$btod_div_common)
    _e2e                                     0x08003ccd   Thumb Code   220  btod.o(CL$$btod_e2e)
    _btod_ediv                               0x08003da9   Thumb Code    42  btod.o(CL$$btod_ediv)
    _btod_emul                               0x08003dd3   Thumb Code    42  btod.o(CL$$btod_emul)
    __btod_mult_common                       0x08003dfd   Thumb Code   580  btod.o(CL$$btod_mult_common)
    __ARM_fpclassify                         0x08004041   Thumb Code    40  fpclassify.o(i.__ARM_fpclassify)
    _is_digit                                0x08004069   Thumb Code    14  __printf_wp.o(i._is_digit)
    _get_lc_numeric                          0x08004079   Thumb Code    44  lc_numeric_c.o(locale$$code)
    __fpl_dretinf                            0x080040a5   Thumb Code    12  dretinf.o(x$fpl$dretinf)
    __aeabi_f2d                              0x080040b1   Thumb Code     0  f2d.o(x$fpl$f2d)
    _f2d                                     0x080040b1   Thumb Code    86  f2d.o(x$fpl$f2d)
    __aeabi_fdiv                             0x08004109   Thumb Code     0  fdiv.o(x$fpl$fdiv)
    _fdiv                                    0x08004109   Thumb Code   384  fdiv.o(x$fpl$fdiv)
    __aeabi_ui2f                             0x0800428d   Thumb Code     0  fflt_clz.o(x$fpl$ffltu)
    _ffltu                                   0x0800428d   Thumb Code    38  fflt_clz.o(x$fpl$ffltu)
    __aeabi_fmul                             0x080042b5   Thumb Code     0  fmul.o(x$fpl$fmul)
    _fmul                                    0x080042b5   Thumb Code   258  fmul.o(x$fpl$fmul)
    __fpl_fnaninf                            0x080043b7   Thumb Code   140  fnaninf.o(x$fpl$fnaninf)
    __fpl_fretinf                            0x08004443   Thumb Code    10  fretinf.o(x$fpl$fretinf)
    _printf_fp_dec                           0x0800444d   Thumb Code     4  printf1.o(x$fpl$printf1)
    __I$use$fp                               0x08004450   Number         0  usenofp.o(x$fpl$usenofp)
    AHBPrescTable                            0x080044f8   Data          16  system_stm32f1xx.o(.rodata.AHBPrescTable)
    APBPrescTable                            0x08004508   Data           8  system_stm32f1xx.o(.rodata.APBPrescTable)
    Region$$Table$$Base                      0x08004524   Number         0  anon$$obj.o(Region$$Table)
    Region$$Table$$Limit                     0x08004544   Number         0  anon$$obj.o(Region$$Table)
    uwTickFreq                               0x20000000   Data           1  stm32f1xx_hal.o(.data..L_MergedGlobals)
    uwTickPrio                               0x20000004   Data           4  stm32f1xx_hal.o(.data..L_MergedGlobals)
    SystemCoreClock                          0x20000008   Data           4  system_stm32f1xx.o(.data.SystemCoreClock)
    __libspace_start                         0x20000010   Data          96  libspace.o(.bss)
    ADC_originValue                          0x20000070   Data           8  main.o(.bss.ADC_originValue)
    __temporary_stack_top$libspace           0x20000070   Data           0  libspace.o(.bss)
    hadc1                                    0x20000078   Data          48  adc.o(.bss.hadc1)
    hdma_adc1                                0x200000a8   Data          68  adc.o(.bss.hdma_adc1)
    hdma_i2c1_rx                             0x200000ec   Data          68  i2c.o(.bss.hdma_i2c1_rx)
    hdma_spi1_tx                             0x20000130   Data          68  spi.o(.bss.hdma_spi1_tx)
    hi2c1                                    0x20000174   Data          84  i2c.o(.bss.hi2c1)
    hspi1                                    0x200001c8   Data          88  spi.o(.bss.hspi1)
    htim3                                    0x20000220   Data          72  tim.o(.bss.htim3)
    huart1                                   0x20000268   Data          72  usart.o(.bss.huart1)
    huart2                                   0x200002b0   Data          72  usart.o(.bss.huart2)
    uwTick                                   0x200002f8   Data           4  stm32f1xx_hal.o(.bss.uwTick)



==============================================================================

Memory Map of the image

  Image Entry point : 0x080000ed

  Load Region LR_IROM1 (Base: 0x08000000, Size: 0x00004570, Max: 0x00020000, ABSOLUTE)

    Execution Region ER_IROM1 (Exec base: 0x08000000, Load base: 0x08000000, Size: 0x00004560, Max: 0x00020000, ABSOLUTE)

    Exec Addr    Load Addr    Size         Type   Attr      Idx    E Section Name        Object

    0x08000000   0x08000000   0x000000ec   Data   RO            3    RESET               startup_stm32f103xb.o
    0x080000ec   0x080000ec   0x00000008   Code   RO         1397  * !!!main             c_w.l(__main.o)
    0x080000f4   0x080000f4   0x00000034   Code   RO         1645    !!!scatter          c_w.l(__scatter.o)
    0x08000128   0x08000128   0x0000001a   Code   RO         1647    !!handler_copy      c_w.l(__scatter_copy.o)
    0x08000142   0x08000142   0x00000002   PAD
    0x08000144   0x08000144   0x0000001c   Code   RO         1649    !!handler_zi        c_w.l(__scatter_zi.o)
    0x08000160   0x08000160   0x00000000   Code   RO         1390    .ARM.Collect$$_printf_percent$$00000000  c_w.l(_printf_percent.o)
    0x08000160   0x08000160   0x00000006   Code   RO         1389    .ARM.Collect$$_printf_percent$$00000003  c_w.l(_printf_f.o)
    0x08000166   0x08000166   0x00000004   Code   RO         1424    .ARM.Collect$$_printf_percent$$00000017  c_w.l(_printf_percent_end.o)
    0x0800016a   0x0800016a   0x00000002   Code   RO         1508    .ARM.Collect$$libinit$$00000000  c_w.l(libinit.o)
    0x0800016c   0x0800016c   0x00000000   Code   RO         1510    .ARM.Collect$$libinit$$00000002  c_w.l(libinit2.o)
    0x0800016c   0x0800016c   0x00000000   Code   RO         1512    .ARM.Collect$$libinit$$00000004  c_w.l(libinit2.o)
    0x0800016c   0x0800016c   0x00000000   Code   RO         1514    .ARM.Collect$$libinit$$00000006  c_w.l(libinit2.o)
    0x0800016c   0x0800016c   0x00000000   Code   RO         1517    .ARM.Collect$$libinit$$0000000C  c_w.l(libinit2.o)
    0x0800016c   0x0800016c   0x00000000   Code   RO         1519    .ARM.Collect$$libinit$$0000000E  c_w.l(libinit2.o)
    0x0800016c   0x0800016c   0x00000000   Code   RO         1521    .ARM.Collect$$libinit$$00000010  c_w.l(libinit2.o)
    0x0800016c   0x0800016c   0x00000006   Code   RO         1522    .ARM.Collect$$libinit$$00000011  c_w.l(libinit2.o)
    0x08000172   0x08000172   0x00000000   Code   RO         1524    .ARM.Collect$$libinit$$00000013  c_w.l(libinit2.o)
    0x08000172   0x08000172   0x00000000   Code   RO         1526    .ARM.Collect$$libinit$$00000015  c_w.l(libinit2.o)
    0x08000172   0x08000172   0x00000000   Code   RO         1528    .ARM.Collect$$libinit$$00000017  c_w.l(libinit2.o)
    0x08000172   0x08000172   0x0000000a   Code   RO         1529    .ARM.Collect$$libinit$$00000018  c_w.l(libinit2.o)
    0x0800017c   0x0800017c   0x00000000   Code   RO         1530    .ARM.Collect$$libinit$$00000019  c_w.l(libinit2.o)
    0x0800017c   0x0800017c   0x00000000   Code   RO         1532    .ARM.Collect$$libinit$$0000001B  c_w.l(libinit2.o)
    0x0800017c   0x0800017c   0x00000000   Code   RO         1534    .ARM.Collect$$libinit$$0000001D  c_w.l(libinit2.o)
    0x0800017c   0x0800017c   0x00000000   Code   RO         1536    .ARM.Collect$$libinit$$0000001F  c_w.l(libinit2.o)
    0x0800017c   0x0800017c   0x00000000   Code   RO         1538    .ARM.Collect$$libinit$$00000021  c_w.l(libinit2.o)
    0x0800017c   0x0800017c   0x00000000   Code   RO         1540    .ARM.Collect$$libinit$$00000023  c_w.l(libinit2.o)
    0x0800017c   0x0800017c   0x00000000   Code   RO         1542    .ARM.Collect$$libinit$$00000025  c_w.l(libinit2.o)
    0x0800017c   0x0800017c   0x00000000   Code   RO         1544    .ARM.Collect$$libinit$$00000027  c_w.l(libinit2.o)
    0x0800017c   0x0800017c   0x00000000   Code   RO         1548    .ARM.Collect$$libinit$$0000002E  c_w.l(libinit2.o)
    0x0800017c   0x0800017c   0x00000000   Code   RO         1550    .ARM.Collect$$libinit$$00000030  c_w.l(libinit2.o)
    0x0800017c   0x0800017c   0x00000000   Code   RO         1552    .ARM.Collect$$libinit$$00000032  c_w.l(libinit2.o)
    0x0800017c   0x0800017c   0x00000000   Code   RO         1554    .ARM.Collect$$libinit$$00000034  c_w.l(libinit2.o)
    0x0800017c   0x0800017c   0x00000002   Code   RO         1555    .ARM.Collect$$libinit$$00000035  c_w.l(libinit2.o)
    0x0800017e   0x0800017e   0x00000002   Code   RO         1591    .ARM.Collect$$libshutdown$$00000000  c_w.l(libshutdown.o)
    0x08000180   0x08000180   0x00000000   Code   RO         1602    .ARM.Collect$$libshutdown$$00000002  c_w.l(libshutdown2.o)
    0x08000180   0x08000180   0x00000000   Code   RO         1604    .ARM.Collect$$libshutdown$$00000004  c_w.l(libshutdown2.o)
    0x08000180   0x08000180   0x00000000   Code   RO         1607    .ARM.Collect$$libshutdown$$00000007  c_w.l(libshutdown2.o)
    0x08000180   0x08000180   0x00000000   Code   RO         1610    .ARM.Collect$$libshutdown$$0000000A  c_w.l(libshutdown2.o)
    0x08000180   0x08000180   0x00000000   Code   RO         1612    .ARM.Collect$$libshutdown$$0000000C  c_w.l(libshutdown2.o)
    0x08000180   0x08000180   0x00000000   Code   RO         1615    .ARM.Collect$$libshutdown$$0000000F  c_w.l(libshutdown2.o)
    0x08000180   0x08000180   0x00000002   Code   RO         1616    .ARM.Collect$$libshutdown$$00000010  c_w.l(libshutdown2.o)
    0x08000182   0x08000182   0x00000000   Code   RO         1415    .ARM.Collect$$rtentry$$00000000  c_w.l(__rtentry.o)
    0x08000182   0x08000182   0x00000000   Code   RO         1433    .ARM.Collect$$rtentry$$00000002  c_w.l(__rtentry2.o)
    0x08000182   0x08000182   0x00000006   Code   RO         1445    .ARM.Collect$$rtentry$$00000004  c_w.l(__rtentry4.o)
    0x08000188   0x08000188   0x00000000   Code   RO         1435    .ARM.Collect$$rtentry$$00000009  c_w.l(__rtentry2.o)
    0x08000188   0x08000188   0x00000004   Code   RO         1436    .ARM.Collect$$rtentry$$0000000A  c_w.l(__rtentry2.o)
    0x0800018c   0x0800018c   0x00000000   Code   RO         1438    .ARM.Collect$$rtentry$$0000000C  c_w.l(__rtentry2.o)
    0x0800018c   0x0800018c   0x00000008   Code   RO         1439    .ARM.Collect$$rtentry$$0000000D  c_w.l(__rtentry2.o)
    0x08000194   0x08000194   0x00000002   Code   RO         1556    .ARM.Collect$$rtexit$$00000000  c_w.l(rtexit.o)
    0x08000196   0x08000196   0x00000000   Code   RO         1565    .ARM.Collect$$rtexit$$00000002  c_w.l(rtexit2.o)
    0x08000196   0x08000196   0x00000004   Code   RO         1566    .ARM.Collect$$rtexit$$00000003  c_w.l(rtexit2.o)
    0x0800019a   0x0800019a   0x00000006   Code   RO         1567    .ARM.Collect$$rtexit$$00000004  c_w.l(rtexit2.o)
    0x080001a0   0x080001a0   0x00000040   Code   RO            4    .text               startup_stm32f103xb.o
    0x080001e0   0x080001e0   0x00000028   Code   RO         1365    .text               c_w.l(noretval__2sprintf.o)
    0x08000208   0x08000208   0x00000138   Code   RO         1381    .text               c_w.l(__printf_flags_wp.o)
    0x08000340   0x08000340   0x0000003e   Code   RO         1391    .text               c_w.l(strlen.o)
    0x0800037e   0x0800037e   0x00000006   Code   RO         1395    .text               c_w.l(heapauxi.o)
    0x08000384   0x08000384   0x0000041c   Code   RO         1416    .text               c_w.l(_printf_fp_dec.o)
    0x080007a0   0x080007a0   0x00000030   Code   RO         1420    .text               c_w.l(_printf_char_common.o)
    0x080007d0   0x080007d0   0x0000000a   Code   RO         1422    .text               c_w.l(_sputc.o)
    0x080007da   0x080007da   0x00000002   PAD
    0x080007dc   0x080007dc   0x00000008   Code   RO         1450    .text               c_w.l(rt_locale_intlibspace.o)
    0x080007e4   0x080007e4   0x0000008a   Code   RO         1452    .text               c_w.l(lludiv10.o)
    0x0800086e   0x0800086e   0x00000002   PAD
    0x08000870   0x08000870   0x00000080   Code   RO         1454    .text               c_w.l(_printf_fp_infnan.o)
    0x080008f0   0x080008f0   0x000000e4   Code   RO         1458    .text               c_w.l(bigflt0.o)
    0x080009d4   0x080009d4   0x00000008   Code   RO         1492    .text               c_w.l(libspace.o)
    0x080009dc   0x080009dc   0x0000004a   Code   RO         1495    .text               c_w.l(sys_stackheap_outer.o)
    0x08000a26   0x08000a26   0x00000012   Code   RO         1499    .text               c_w.l(exit.o)
    0x08000a38   0x08000a38   0x00000080   Code   RO         1501    .text               c_w.l(strcmpv7m.o)
    0x08000ab8   0x08000ab8   0x0000000c   Code   RO         1577    .text               c_w.l(sys_exit.o)
    0x08000ac4   0x08000ac4   0x00000002   Code   RO         1592    .text               c_w.l(use_no_semi.o)
    0x08000ac6   0x08000ac6   0x00000000   Code   RO         1594    .text               c_w.l(indicate_semi.o)
    0x08000ac6   0x08000ac6   0x00000002   PAD
    0x08000ac8   0x08000ac8   0x00000052   Code   RO          213    .text.ADC_DMAConvCplt  stm32f1xx_hal_adc.o
    0x08000b1a   0x08000b1a   0x00000002   PAD
    0x08000b1c   0x08000b1c   0x00000016   Code   RO          217    .text.ADC_DMAError  stm32f1xx_hal_adc.o
    0x08000b32   0x08000b32   0x00000002   PAD
    0x08000b34   0x08000b34   0x00000006   Code   RO          215    .text.ADC_DMAHalfConvCplt  stm32f1xx_hal_adc.o
    0x08000b3a   0x08000b3a   0x00000002   PAD
    0x08000b3c   0x08000b3c   0x000000b6   Code   RO          199    .text.ADC_Enable    stm32f1xx_hal_adc.o
    0x08000bf2   0x08000bf2   0x00000002   PAD
    0x08000bf4   0x08000bf4   0x00000002   Code   RO          133    .text.BusFault_Handler  stm32f1xx_it.o
    0x08000bf6   0x08000bf6   0x00000002   PAD
    0x08000bf8   0x08000bf8   0x0000000c   Code   RO          145    .text.DMA1_Channel1_IRQHandler  stm32f1xx_it.o
    0x08000c04   0x08000c04   0x0000000c   Code   RO          147    .text.DMA1_Channel3_IRQHandler  stm32f1xx_it.o
    0x08000c10   0x08000c10   0x0000000c   Code   RO          149    .text.DMA1_Channel7_IRQHandler  stm32f1xx_it.o
    0x08000c1c   0x08000c1c   0x00000002   Code   RO          139    .text.DebugMon_Handler  stm32f1xx_it.o
    0x08000c1e   0x08000c1e   0x00000002   PAD
    0x08000c20   0x08000c20   0x0000000a   Code   RO           17    .text.Error_Handler  main.o
    0x08000c2a   0x08000c2a   0x00000002   PAD
    0x08000c2c   0x08000c2c   0x0000018c   Code   RO          233    .text.HAL_ADC_ConfigChannel  stm32f1xx_hal_adc.o
    0x08000db8   0x08000db8   0x00000002   Code   RO          225    .text.HAL_ADC_ConvCpltCallback  stm32f1xx_hal_adc.o
    0x08000dba   0x08000dba   0x00000002   PAD
    0x08000dbc   0x08000dbc   0x00000002   Code   RO          229    .text.HAL_ADC_ConvHalfCpltCallback  stm32f1xx_hal_adc.o
    0x08000dbe   0x08000dbe   0x00000002   PAD
    0x08000dc0   0x08000dc0   0x00000002   Code   RO          231    .text.HAL_ADC_ErrorCallback  stm32f1xx_hal_adc.o
    0x08000dc2   0x08000dc2   0x00000002   PAD
    0x08000dc4   0x08000dc4   0x0000015c   Code   RO          187    .text.HAL_ADC_Init  stm32f1xx_hal_adc.o
    0x08000f20   0x08000f20   0x000000a2   Code   RO           39    .text.HAL_ADC_MspInit  adc.o
    0x08000fc2   0x08000fc2   0x00000002   PAD
    0x08000fc4   0x08000fc4   0x00000118   Code   RO          211    .text.HAL_ADC_Start_DMA  stm32f1xx_hal_adc.o
    0x080010dc   0x080010dc   0x00000046   Code   RO          427    .text.HAL_DMA_Abort  stm32f1xx_hal_dma.o
    0x08001122   0x08001122   0x00000002   PAD
    0x08001124   0x08001124   0x000000b2   Code   RO          429    .text.HAL_DMA_Abort_IT  stm32f1xx_hal_dma.o
    0x080011d6   0x080011d6   0x00000002   PAD
    0x080011d8   0x080011d8   0x000001a0   Code   RO          433    .text.HAL_DMA_IRQHandler  stm32f1xx_hal_dma.o
    0x08001378   0x08001378   0x00000088   Code   RO          419    .text.HAL_DMA_Init  stm32f1xx_hal_dma.o
    0x08001400   0x08001400   0x0000009c   Code   RO          425    .text.HAL_DMA_Start_IT  stm32f1xx_hal_dma.o
    0x0800149c   0x0800149c   0x00000028   Code   RO          303    .text.HAL_Delay     stm32f1xx_hal.o
    0x080014c4   0x080014c4   0x0000021a   Code   RO          395    .text.HAL_GPIO_Init  stm32f1xx_hal_gpio.o
    0x080016de   0x080016de   0x00000002   PAD
    0x080016e0   0x080016e0   0x0000000a   Code   RO          401    .text.HAL_GPIO_WritePin  stm32f1xx_hal_gpio.o
    0x080016ea   0x080016ea   0x00000002   PAD
    0x080016ec   0x080016ec   0x0000000c   Code   RO          295    .text.HAL_GetTick   stm32f1xx_hal.o
    0x080016f8   0x080016f8   0x00000176   Code   RO          616    .text.HAL_I2C_Init  stm32f1xx_hal_i2c.o
    0x0800186e   0x0800186e   0x00000002   PAD
    0x08001870   0x08001870   0x000000ae   Code   RO           64    .text.HAL_I2C_MspInit  i2c.o
    0x0800191e   0x0800191e   0x00000002   PAD
    0x08001920   0x08001920   0x0000001a   Code   RO          293    .text.HAL_IncTick   stm32f1xx_hal.o
    0x0800193a   0x0800193a   0x00000002   PAD
    0x0800193c   0x0800193c   0x00000026   Code   RO          283    .text.HAL_Init      stm32f1xx_hal.o
    0x08001962   0x08001962   0x00000002   PAD
    0x08001964   0x08001964   0x00000048   Code   RO          285    .text.HAL_InitTick  stm32f1xx_hal.o
    0x080019ac   0x080019ac   0x00000042   Code   RO          164    .text.HAL_MspInit   stm32f1xx_hal_msp.o
    0x080019ee   0x080019ee   0x00000002   PAD
    0x080019f0   0x080019f0   0x00000026   Code   RO          455    .text.HAL_NVIC_EnableIRQ  stm32f1xx_hal_cortex.o
    0x08001a16   0x08001a16   0x00000002   PAD
    0x08001a18   0x08001a18   0x00000056   Code   RO          453    .text.HAL_NVIC_SetPriority  stm32f1xx_hal_cortex.o
    0x08001a6e   0x08001a6e   0x00000002   PAD
    0x08001a70   0x08001a70   0x00000020   Code   RO          451    .text.HAL_NVIC_SetPriorityGrouping  stm32f1xx_hal_cortex.o
    0x08001a90   0x08001a90   0x0000010a   Code   RO          381    .text.HAL_RCCEx_PeriphCLKConfig  stm32f1xx_hal_rcc_ex.o
    0x08001b9a   0x08001b9a   0x00000002   PAD
    0x08001b9c   0x08001b9c   0x000001be   Code   RO          347    .text.HAL_RCC_ClockConfig  stm32f1xx_hal_rcc.o
    0x08001d5a   0x08001d5a   0x00000002   PAD
    0x08001d5c   0x08001d5c   0x00000026   Code   RO          359    .text.HAL_RCC_GetPCLK1Freq  stm32f1xx_hal_rcc.o
    0x08001d82   0x08001d82   0x00000002   PAD
    0x08001d84   0x08001d84   0x00000026   Code   RO          361    .text.HAL_RCC_GetPCLK2Freq  stm32f1xx_hal_rcc.o
    0x08001daa   0x08001daa   0x00000002   PAD
    0x08001dac   0x08001dac   0x000003b4   Code   RO          345    .text.HAL_RCC_OscConfig  stm32f1xx_hal_rcc.o
    0x08002160   0x08002160   0x00000002   Code   RO          834    .text.HAL_SPI_ErrorCallback  stm32f1xx_hal_spi.o
    0x08002162   0x08002162   0x00000002   PAD
    0x08002164   0x08002164   0x00000108   Code   RO          830    .text.HAL_SPI_IRQHandler  stm32f1xx_hal_spi.o
    0x0800226c   0x0800226c   0x000000ac   Code   RO          754    .text.HAL_SPI_Init  stm32f1xx_hal_spi.o
    0x08002318   0x08002318   0x000000a4   Code   RO           80    .text.HAL_SPI_MspInit  spi.o
    0x080023bc   0x080023bc   0x0000002c   Code   RO          463    .text.HAL_SYSTICK_Config  stm32f1xx_hal_cortex.o
    0x080023e8   0x080023e8   0x00000002   Code   RO         1173    .text.HAL_TIMEx_BreakCallback  stm32f1xx_hal_tim_ex.o
    0x080023ea   0x080023ea   0x00000002   PAD
    0x080023ec   0x080023ec   0x00000002   Code   RO         1169    .text.HAL_TIMEx_CommutCallback  stm32f1xx_hal_tim_ex.o
    0x080023ee   0x080023ee   0x00000002   PAD
    0x080023f0   0x080023f0   0x0000007a   Code   RO         1163    .text.HAL_TIMEx_MasterConfigSynchronization  stm32f1xx_hal_tim_ex.o
    0x0800246a   0x0800246a   0x00000002   PAD
    0x0800246c   0x0800246c   0x000000ec   Code   RO          868    .text.HAL_TIM_Base_Init  stm32f1xx_hal_tim.o
    0x08002558   0x08002558   0x00000046   Code   RO           96    .text.HAL_TIM_Base_MspInit  tim.o
    0x0800259e   0x0800259e   0x00000002   PAD
    0x080025a0   0x080025a0   0x0000019c   Code   RO         1048    .text.HAL_TIM_ConfigClockSource  stm32f1xx_hal_tim.o
    0x0800273c   0x0800273c   0x00000002   Code   RO         1004    .text.HAL_TIM_IC_CaptureCallback  stm32f1xx_hal_tim.o
    0x0800273e   0x0800273e   0x00000002   PAD
    0x08002740   0x08002740   0x00000170   Code   RO         1002    .text.HAL_TIM_IRQHandler  stm32f1xx_hal_tim.o
    0x080028b0   0x080028b0   0x00000002   Code   RO         1006    .text.HAL_TIM_OC_DelayElapsedCallback  stm32f1xx_hal_tim.o
    0x080028b2   0x080028b2   0x00000002   PAD
    0x080028b4   0x080028b4   0x00000002   Code   RO         1008    .text.HAL_TIM_PWM_PulseFinishedCallback  stm32f1xx_hal_tim.o
    0x080028b6   0x080028b6   0x00000002   PAD
    0x080028b8   0x080028b8   0x00000002   Code   RO         1010    .text.HAL_TIM_PeriodElapsedCallback  stm32f1xx_hal_tim.o
    0x080028ba   0x080028ba   0x00000002   PAD
    0x080028bc   0x080028bc   0x00000002   Code   RO         1012    .text.HAL_TIM_TriggerCallback  stm32f1xx_hal_tim.o
    0x080028be   0x080028be   0x00000002   PAD
    0x080028c0   0x080028c0   0x00000002   Code   RO         1271    .text.HAL_UARTEx_RxEventCallback  stm32f1xx_hal_uart.o
    0x080028c2   0x080028c2   0x00000002   PAD
    0x080028c4   0x080028c4   0x00000002   Code   RO         1269    .text.HAL_UART_ErrorCallback  stm32f1xx_hal_uart.o
    0x080028c6   0x080028c6   0x00000002   PAD
    0x080028c8   0x080028c8   0x00000560   Code   RO         1263    .text.HAL_UART_IRQHandler  stm32f1xx_hal_uart.o
    0x08002e28   0x08002e28   0x000000e2   Code   RO         1187    .text.HAL_UART_Init  stm32f1xx_hal_uart.o
    0x08002f0a   0x08002f0a   0x00000002   PAD
    0x08002f0c   0x08002f0c   0x000000fa   Code   RO          113    .text.HAL_UART_MspInit  usart.o
    0x08003006   0x08003006   0x00000002   PAD
    0x08003008   0x08003008   0x00000002   Code   RO         1277    .text.HAL_UART_RxCpltCallback  stm32f1xx_hal_uart.o
    0x0800300a   0x0800300a   0x00000002   PAD
    0x0800300c   0x0800300c   0x00000278   Code   RO         1201    .text.HAL_UART_Transmit  stm32f1xx_hal_uart.o
    0x08003284   0x08003284   0x00000002   Code   RO         1273    .text.HAL_UART_TxCpltCallback  stm32f1xx_hal_uart.o
    0x08003286   0x08003286   0x00000002   PAD
    0x08003288   0x08003288   0x00000002   Code   RO          129    .text.HardFault_Handler  stm32f1xx_it.o
    0x0800328a   0x0800328a   0x00000002   PAD
    0x0800328c   0x0800328c   0x00000066   Code   RO         1352    .text.MQ135_GetQuality  mq135.o
    0x080032f2   0x080032f2   0x00000002   PAD
    0x080032f4   0x080032f4   0x00000026   Code   RO         1348    .text.MQ135_Init    mq135.o
    0x0800331a   0x0800331a   0x00000002   PAD
    0x0800331c   0x0800331c   0x00000080   Code   RO           37    .text.MX_ADC1_Init  adc.o
    0x0800339c   0x0800339c   0x00000054   Code   RO           53    .text.MX_DMA_Init   dma.o
    0x080033f0   0x080033f0   0x000000e4   Code   RO           28    .text.MX_GPIO_Init  gpio.o
    0x080034d4   0x080034d4   0x00000042   Code   RO           62    .text.MX_I2C1_Init  i2c.o
    0x08003516   0x08003516   0x00000002   PAD
    0x08003518   0x08003518   0x0000004c   Code   RO           78    .text.MX_SPI1_Init  spi.o
    0x08003564   0x08003564   0x00000074   Code   RO           94    .text.MX_TIM3_Init  tim.o
    0x080035d8   0x080035d8   0x0000003c   Code   RO          109    .text.MX_USART1_UART_Init  usart.o
    0x08003614   0x08003614   0x0000003c   Code   RO          111    .text.MX_USART2_UART_Init  usart.o
    0x08003650   0x08003650   0x00000002   Code   RO          131    .text.MemManage_Handler  stm32f1xx_it.o
    0x08003652   0x08003652   0x00000002   PAD
    0x08003654   0x08003654   0x00000002   Code   RO          127    .text.NMI_Handler   stm32f1xx_it.o
    0x08003656   0x08003656   0x00000002   PAD
    0x08003658   0x08003658   0x00000002   Code   RO          141    .text.PendSV_Handler  stm32f1xx_it.o
    0x0800365a   0x0800365a   0x00000002   PAD
    0x0800365c   0x0800365c   0x0000000c   Code   RO          153    .text.SPI1_IRQHandler  stm32f1xx_it.o
    0x08003668   0x08003668   0x0000000c   Code   RO          832    .text.SPI_DMAAbortOnError  stm32f1xx_hal_spi.o
    0x08003674   0x08003674   0x00000002   Code   RO          137    .text.SVC_Handler   stm32f1xx_it.o
    0x08003676   0x08003676   0x00000002   PAD
    0x08003678   0x08003678   0x00000004   Code   RO          143    .text.SysTick_Handler  stm32f1xx_it.o
    0x0800367c   0x0800367c   0x00000002   Code   RO         1307    .text.SystemInit    system_stm32f1xx.o
    0x0800367e   0x0800367e   0x00000002   PAD
    0x08003680   0x08003680   0x0000000c   Code   RO          151    .text.TIM3_IRQHandler  stm32f1xx_it.o
    0x0800368c   0x0800368c   0x0000000c   Code   RO         1267    .text.UART_DMAAbortOnError  stm32f1xx_hal_uart.o
    0x08003698   0x08003698   0x000000fe   Code   RO         1265    .text.UART_Receive_IT  stm32f1xx_hal_uart.o
    0x08003796   0x08003796   0x00000002   PAD
    0x08003798   0x08003798   0x0000000c   Code   RO          155    .text.USART1_IRQHandler  stm32f1xx_it.o
    0x080037a4   0x080037a4   0x00000002   Code   RO          135    .text.UsageFault_Handler  stm32f1xx_it.o
    0x080037a6   0x080037a6   0x00000002   PAD
    0x080037a8   0x080037a8   0x00000108   Code   RO           13    .text.main          main.o
    0x080038b0   0x080038b0   0x0000003e   Code   RO         1461    CL$$btod_d2e        c_w.l(btod.o)
    0x080038ee   0x080038ee   0x00000046   Code   RO         1463    CL$$btod_d2e_denorm_low  c_w.l(btod.o)
    0x08003934   0x08003934   0x00000060   Code   RO         1462    CL$$btod_d2e_norm_op1  c_w.l(btod.o)
    0x08003994   0x08003994   0x00000338   Code   RO         1471    CL$$btod_div_common  c_w.l(btod.o)
    0x08003ccc   0x08003ccc   0x000000dc   Code   RO         1468    CL$$btod_e2e        c_w.l(btod.o)
    0x08003da8   0x08003da8   0x0000002a   Code   RO         1465    CL$$btod_ediv       c_w.l(btod.o)
    0x08003dd2   0x08003dd2   0x0000002a   Code   RO         1464    CL$$btod_emul       c_w.l(btod.o)
    0x08003dfc   0x08003dfc   0x00000244   Code   RO         1470    CL$$btod_mult_common  c_w.l(btod.o)
    0x08004040   0x08004040   0x00000028   Code   RO         1490    i.__ARM_fpclassify  m_ws.l(fpclassify.o)
    0x08004068   0x08004068   0x0000000e   Code   RO         1379    i._is_digit         c_w.l(__printf_wp.o)
    0x08004076   0x08004076   0x00000002   PAD
    0x08004078   0x08004078   0x0000002c   Code   RO         1486    locale$$code        c_w.l(lc_numeric_c.o)
    0x080040a4   0x080040a4   0x0000000c   Code   RO         1425    x$fpl$dretinf       fz_ws.l(dretinf.o)
    0x080040b0   0x080040b0   0x00000056   Code   RO         1399    x$fpl$f2d           fz_ws.l(f2d.o)
    0x08004106   0x08004106   0x00000002   PAD
    0x08004108   0x08004108   0x00000184   Code   RO         1402    x$fpl$fdiv          fz_ws.l(fdiv.o)
    0x0800428c   0x0800428c   0x00000026   Code   RO         1405    x$fpl$ffltu         fz_ws.l(fflt_clz.o)
    0x080042b2   0x080042b2   0x00000002   PAD
    0x080042b4   0x080042b4   0x00000102   Code   RO         1411    x$fpl$fmul          fz_ws.l(fmul.o)
    0x080043b6   0x080043b6   0x0000008c   Code   RO         1427    x$fpl$fnaninf       fz_ws.l(fnaninf.o)
    0x08004442   0x08004442   0x0000000a   Code   RO         1429    x$fpl$fretinf       fz_ws.l(fretinf.o)
    0x0800444c   0x0800444c   0x00000004   Code   RO         1413    x$fpl$printf1       fz_ws.l(printf1.o)
    0x08004450   0x08004450   0x00000000   Code   RO         1431    x$fpl$usenofp       fz_ws.l(usenofp.o)
    0x08004450   0x08004450   0x00000011   Data   RO         1382    .constdata          c_w.l(__printf_flags_wp.o)
    0x08004461   0x08004461   0x00000003   PAD
    0x08004464   0x08004464   0x00000094   Data   RO         1459    .constdata          c_w.l(bigflt0.o)
    0x080044f8   0x080044f8   0x00000010   Data   RO         1312    .rodata.AHBPrescTable  system_stm32f1xx.o
    0x08004508   0x08004508   0x00000008   Data   RO         1313    .rodata.APBPrescTable  system_stm32f1xx.o
    0x08004510   0x08004510   0x00000002   Data   RO          372    .rodata.HAL_RCC_GetSysClockFreq.aPredivFactorTable  stm32f1xx_hal_rcc.o
    0x08004512   0x08004512   0x00000010   Data   RO          371    .rodata.cst16       stm32f1xx_hal_rcc.o
    0x08004522   0x08004522   0x00000002   PAD
    0x08004524   0x08004524   0x00000020   Data   RO         1644    Region$$Table       anon$$obj.o
    0x08004544   0x08004544   0x0000001c   Data   RO         1485    locale$$data        c_w.l(lc_numeric_c.o)


    Execution Region RW_IRAM1 (Exec base: 0x20000000, Load base: 0x08004560, Size: 0x00000900, Max: 0x00005000, ABSOLUTE)

    Exec Addr    Load Addr    Size         Type   Attr      Idx    E Section Name        Object

    0x20000000   0x08004560   0x00000008   Data   RW          334    .data..L_MergedGlobals  stm32f1xx_hal.o
    0x20000008   0x08004568   0x00000004   Data   RW         1311    .data.SystemCoreClock  system_stm32f1xx.o
    0x2000000c   0x0800456c   0x00000004   PAD
    0x20000010        -       0x00000060   Zero   RW         1493    .bss                c_w.l(libspace.o)
    0x20000070        -       0x00000008   Zero   RW           19    .bss.ADC_originValue  main.o
    0x20000078        -       0x00000030   Zero   RW           43    .bss.hadc1          adc.o
    0x200000a8        -       0x00000044   Zero   RW           44    .bss.hdma_adc1      adc.o
    0x200000ec        -       0x00000044   Zero   RW           69    .bss.hdma_i2c1_rx   i2c.o
    0x20000130        -       0x00000044   Zero   RW           85    .bss.hdma_spi1_tx   spi.o
    0x20000174        -       0x00000054   Zero   RW           68    .bss.hi2c1          i2c.o
    0x200001c8        -       0x00000058   Zero   RW           84    .bss.hspi1          spi.o
    0x20000220        -       0x00000048   Zero   RW          100    .bss.htim3          tim.o
    0x20000268        -       0x00000048   Zero   RW          117    .bss.huart1         usart.o
    0x200002b0        -       0x00000048   Zero   RW          118    .bss.huart2         usart.o
    0x200002f8        -       0x00000004   Zero   RW          333    .bss.uwTick         stm32f1xx_hal.o
    0x200002fc   0x0800456c   0x00000004   PAD
    0x20000300        -       0x00000200   Zero   RW            2    HEAP                startup_stm32f103xb.o
    0x20000500        -       0x00000400   Zero   RW            1    STACK               startup_stm32f103xb.o


==============================================================================

Image component sizes


      Code (inc. data)   RO Data    RW Data    ZI Data      Debug   Object Name

       290          0          0          0        116       4180   adc.o
        84          0          0          0          0       2202   dma.o
       228          0          0          0          0       1632   gpio.o
       240          0          0          0        152       4888   i2c.o
       274         16          0          0          8       3450   main.o
       140          0          0          0          0       1992   mq135.o
       240          0          0          0        156       5430   spi.o
        64         26        236          0       1536        816   startup_stm32f103xb.o
       188          0          0          8          4       5772   stm32f1xx_hal.o
      1322          0          0          0          0      13247   stm32f1xx_hal_adc.o
       200          0          0          0          0       8530   stm32f1xx_hal_cortex.o
       956          0          0          0          0       8469   stm32f1xx_hal_dma.o
       548         22          0          0          0       4600   stm32f1xx_hal_gpio.o
       374          0          0          0          0      42582   stm32f1xx_hal_i2c.o
        66          0          0          0          0       1226   stm32f1xx_hal_msp.o
      1470          0         18          0          0       7702   stm32f1xx_hal_rcc.o
       266          0          0          0          0       3603   stm32f1xx_hal_rcc_ex.o
       450          0          0          0          0      24576   stm32f1xx_hal_spi.o
      1026          0          0          0          0      55189   stm32f1xx_hal_tim.o
       126          0          0          0          0      20756   stm32f1xx_hal_tim_ex.o
      2508          0          0          0          0      32361   stm32f1xx_hal_uart.o
        92          0          0          0          0       7052   stm32f1xx_it.o
         2          0         24          4          0       1652   system_stm32f1xx.o
       186          0          0          0         72       5826   tim.o
       370          0          0          0        144       5824   usart.o

    ----------------------------------------------------------------------
     11816         64        312         12       2196     273557   Object Totals
         0          0         32          0          0          0   (incl. Generated)
       106          0          2          0          8          0   (incl. Padding)

    ----------------------------------------------------------------------

      Code (inc. data)   RO Data    RW Data    ZI Data      Debug   Library Member Name

         8          0          0          0          0         68   __main.o
       312          4         17          0          0         92   __printf_flags_wp.o
        14          0          0          0          0         68   __printf_wp.o
         0          0          0          0          0          0   __rtentry.o
        12          0          0          0          0          0   __rtentry2.o
         6          0          0          0          0          0   __rtentry4.o
        52          8          0          0          0          0   __scatter.o
        26          0          0          0          0          0   __scatter_copy.o
        28          0          0          0          0          0   __scatter_zi.o
        48          6          0          0          0         96   _printf_char_common.o
         6          0          0          0          0          0   _printf_f.o
      1052          0          0          0          0        148   _printf_fp_dec.o
       128         16          0          0          0         84   _printf_fp_infnan.o
         0          0          0          0          0          0   _printf_percent.o
         4          0          0          0          0          0   _printf_percent_end.o
        10          0          0          0          0         68   _sputc.o
       228          4        148          0          0         96   bigflt0.o
      1936        128          0          0          0        668   btod.o
        18          0          0          0          0         80   exit.o
         6          0          0          0          0        152   heapauxi.o
         0          0          0          0          0          0   indicate_semi.o
        44         10         28          0          0         76   lc_numeric_c.o
         2          0          0          0          0          0   libinit.o
        18          0          0          0          0          0   libinit2.o
         2          0          0          0          0          0   libshutdown.o
         2          0          0          0          0          0   libshutdown2.o
         8          4          0          0         96         68   libspace.o
       138          0          0          0          0         80   lludiv10.o
        40          6          0          0          0         84   noretval__2sprintf.o
         8          4          0          0          0         68   rt_locale_intlibspace.o
         2          0          0          0          0          0   rtexit.o
        10          0          0          0          0          0   rtexit2.o
       128          0          0          0          0         68   strcmpv7m.o
        62          0          0          0          0         76   strlen.o
        12          4          0          0          0         68   sys_exit.o
        74          0          0          0          0         80   sys_stackheap_outer.o
         2          0          0          0          0         68   use_no_semi.o
        12          0          0          0          0         68   dretinf.o
        86          4          0          0          0         84   f2d.o
       388         76          0          0          0         96   fdiv.o
        38          0          0          0          0         68   fflt_clz.o
       258          4          0          0          0         84   fmul.o
       140          4          0          0          0         84   fnaninf.o
        10          0          0          0          0         68   fretinf.o
         4          0          0          0          0         68   printf1.o
         0          0          0          0          0          0   usenofp.o
        40          0          0          0          0         68   fpclassify.o

    ----------------------------------------------------------------------
      5436        282        196          0         96       3044   Library Totals
        14          0          3          0          0          0   (incl. Padding)

    ----------------------------------------------------------------------

      Code (inc. data)   RO Data    RW Data    ZI Data      Debug   Library Name

      4446        194        193          0         96       2356   c_w.l
       936         88          0          0          0        620   fz_ws.l
        40          0          0          0          0         68   m_ws.l

    ----------------------------------------------------------------------
      5436        282        196          0         96       3044   Library Totals

    ----------------------------------------------------------------------

==============================================================================


      Code (inc. data)   RO Data    RW Data    ZI Data      Debug   

     17252        346        508         12       2292     274473   Grand Totals
     17252        346        508         12       2292     274473   ELF Image Totals
     17252        346        508         12          0          0   ROM Totals

==============================================================================

    Total RO  Size (Code + RO Data)                17760 (  17.34kB)
    Total RW  Size (RW Data + ZI Data)              2304 (   2.25kB)
    Total ROM Size (Code + RO Data + RW Data)      17772 (  17.36kB)

==============================================================================

